Archive member included because of file (symbol)

c:/freescale/kds_v3/toolchain/bin/../lib/gcc/arm-none-eabi/4.8.4/armv6-m\libgcc.a(_udivsi3.o)
                              ./Project_Settings/Startup_Code/system_MKL46Z4.o (__aeabi_uidiv)
c:/freescale/kds_v3/toolchain/bin/../lib/gcc/arm-none-eabi/4.8.4/armv6-m\libgcc.a(_dvmd_tls.o)
                              c:/freescale/kds_v3/toolchain/bin/../lib/gcc/arm-none-eabi/4.8.4/armv6-m\libgcc.a(_udivsi3.o) (__aeabi_idiv0)
c:/freescale/kds_v3/toolchain/bin/../lib/gcc/arm-none-eabi/4.8.4/armv6-m\libgcc.a(divdf3.o)
                              ./Sources/DRIVER/DRIVER_ADC.o (__aeabi_ddiv)
c:/freescale/kds_v3/toolchain/bin/../lib/gcc/arm-none-eabi/4.8.4/armv6-m\libgcc.a(muldf3.o)
                              ./Sources/DRIVER/DRIVER_ADC.o (__aeabi_dmul)
c:/freescale/kds_v3/toolchain/bin/../lib/gcc/arm-none-eabi/4.8.4/armv6-m\libgcc.a(floatsidf.o)
                              ./Sources/DRIVER/DRIVER_ADC.o (__aeabi_i2d)
c:/freescale/kds_v3/toolchain/bin/../lib/gcc/arm-none-eabi/4.8.4/armv6-m\libgcc.a(truncdfsf2.o)
                              ./Sources/DRIVER/DRIVER_ADC.o (__aeabi_d2f)
c:/freescale/kds_v3/toolchain/bin/../lib/gcc/arm-none-eabi/4.8.4/armv6-m\libgcc.a(_clzsi2.o)
                              c:/freescale/kds_v3/toolchain/bin/../lib/gcc/arm-none-eabi/4.8.4/armv6-m\libgcc.a(divdf3.o) (__clzsi2)
c:/freescale/kds_v3/toolchain/bin/../lib/gcc/arm-none-eabi/4.8.4/../../../../arm-none-eabi/lib/armv6-m\libg_s.a(lib_a-exit.o)
                              c:/freescale/kds_v3/toolchain/bin/../lib/gcc/arm-none-eabi/4.8.4/../../../../arm-none-eabi/lib/armv6-m/crt0.o (exit)
c:/freescale/kds_v3/toolchain/bin/../lib/gcc/arm-none-eabi/4.8.4/../../../../arm-none-eabi/lib/armv6-m\libg_s.a(lib_a-impure.o)
                              c:/freescale/kds_v3/toolchain/bin/../lib/gcc/arm-none-eabi/4.8.4/../../../../arm-none-eabi/lib/armv6-m\libg_s.a(lib_a-exit.o) (_global_impure_ptr)
c:/freescale/kds_v3/toolchain/bin/../lib/gcc/arm-none-eabi/4.8.4/../../../../arm-none-eabi/lib/armv6-m\libg_s.a(lib_a-init.o)
                              c:/freescale/kds_v3/toolchain/bin/../lib/gcc/arm-none-eabi/4.8.4/../../../../arm-none-eabi/lib/armv6-m/crt0.o (__libc_init_array)
c:/freescale/kds_v3/toolchain/bin/../lib/gcc/arm-none-eabi/4.8.4/../../../../arm-none-eabi/lib/armv6-m\libg_s.a(lib_a-memset.o)
                              c:/freescale/kds_v3/toolchain/bin/../lib/gcc/arm-none-eabi/4.8.4/../../../../arm-none-eabi/lib/armv6-m/crt0.o (memset)
c:/freescale/kds_v3/toolchain/bin/../lib/gcc/arm-none-eabi/4.8.4/../../../../arm-none-eabi/lib/armv6-m\libg_s.a(lib_a-strcmp.o)
                              ./Sources/App/APP.o (strcmp)
c:/freescale/kds_v3/toolchain/bin/../lib/gcc/arm-none-eabi/4.8.4/../../../../arm-none-eabi/lib/armv6-m\libnosys.a(_exit.o)
                              c:/freescale/kds_v3/toolchain/bin/../lib/gcc/arm-none-eabi/4.8.4/../../../../arm-none-eabi/lib/armv6-m\libg_s.a(lib_a-exit.o) (_exit)

Allocating common symbols
Common symbol       size              file

commandBuffer       0xff              ./Sources/App/APP.o
swTimerArray        0xa0              ./Sources/DRIVER/DRIVER_Software_timer.o
adc_value           0x2               ./Sources/DRIVER/DRIVER_PORT.o

Discarded input sections

 .text          0x00000000        0x0 c:/freescale/kds_v3/toolchain/bin/../lib/gcc/arm-none-eabi/4.8.4/armv6-m/crti.o
 .data          0x00000000        0x0 c:/freescale/kds_v3/toolchain/bin/../lib/gcc/arm-none-eabi/4.8.4/armv6-m/crti.o
 .bss           0x00000000        0x0 c:/freescale/kds_v3/toolchain/bin/../lib/gcc/arm-none-eabi/4.8.4/armv6-m/crti.o
 .data          0x00000000        0x4 c:/freescale/kds_v3/toolchain/bin/../lib/gcc/arm-none-eabi/4.8.4/armv6-m/crtbegin.o
 .data          0x00000000        0x0 c:/freescale/kds_v3/toolchain/bin/../lib/gcc/arm-none-eabi/4.8.4/../../../../arm-none-eabi/lib/armv6-m/crt0.o
 .bss           0x00000000        0x0 c:/freescale/kds_v3/toolchain/bin/../lib/gcc/arm-none-eabi/4.8.4/../../../../arm-none-eabi/lib/armv6-m/crt0.o
 .ARM.extab     0x00000000        0x0 c:/freescale/kds_v3/toolchain/bin/../lib/gcc/arm-none-eabi/4.8.4/../../../../arm-none-eabi/lib/armv6-m/crt0.o
 .group         0x00000000        0x8 ./Sources/HAL/HAL_UART/HAL_UART_BDH.o
 .group         0x00000000        0x8 ./Sources/HAL/HAL_UART/HAL_UART_BDH.o
 .group         0x00000000        0x8 ./Sources/HAL/HAL_UART/HAL_UART_BDH.o
 .group         0x00000000        0x8 ./Sources/HAL/HAL_UART/HAL_UART_BDH.o
 .group         0x00000000        0x8 ./Sources/HAL/HAL_UART/HAL_UART_BDH.o
 .group         0x00000000        0x8 ./Sources/HAL/HAL_UART/HAL_UART_BDH.o
 .group         0x00000000        0x8 ./Sources/HAL/HAL_UART/HAL_UART_BDH.o
 .group         0x00000000        0x8 ./Sources/HAL/HAL_UART/HAL_UART_BDH.o
 .group         0x00000000        0x8 ./Sources/HAL/HAL_UART/HAL_UART_BDH.o
 .group         0x00000000        0x8 ./Sources/HAL/HAL_UART/HAL_UART_BDH.o
[...]
Memory Configuration

Name             Origin             Length             Attributes
m_interrupts     0x00000000         0x00000100         xr
m_flash_config   0x00000400         0x00000010         xr
m_text           0x00000410         0x0003fbf0         xr
m_data           0x1fffe000         0x00008000         rw
*default*        0x00000000         0xffffffff

Linker script and memory map

LOAD c:/freescale/kds_v3/toolchain/bin/../lib/gcc/arm-none-eabi/4.8.4/armv6-m/crti.o
LOAD c:/freescale/kds_v3/toolchain/bin/../lib/gcc/arm-none-eabi/4.8.4/armv6-m/crtbegin.o
LOAD c:/freescale/kds_v3/toolchain/bin/../lib/gcc/arm-none-eabi/4.8.4/../../../../arm-none-eabi/lib/armv6-m/crt0.o
LOAD ./Sources/HAL/HAL_UART/HAL_UART_BDH.o
LOAD ./Sources/HAL/HAL_UART/HAL_UART_BDL.o
LOAD ./Sources/HAL/HAL_UART/HAL_UART_C1.o
LOAD ./Sources/HAL/HAL_UART/HAL_UART_C2.o
LOAD ./Sources/HAL/HAL_UART/HAL_UART_D.o
LOAD ./Sources/HAL/HAL_UART/HAL_UART_S1.o
LOAD ./Sources/HAL/HAL_ADC.o
LOAD ./Sources/HAL/HAL_GPIO.o
LOAD ./Sources/HAL/HAL_NVIC.o
LOAD ./Sources/HAL/HAL_PIT.o
LOAD ./Sources/HAL/HAL_PORT.o
LOAD ./Sources/HAL/HAL_SIM.o
LOAD ./Sources/HAL/HAL_Systick.o
LOAD ./Sources/DRIVER/DRIVER_ADC.o
LOAD ./Sources/DRIVER/DRIVER_GPIO.o
LOAD ./Sources/DRIVER/DRIVER_NVIC.o
LOAD ./Sources/DRIVER/DRIVER_PIT.o
LOAD ./Sources/DRIVER/DRIVER_PORT.o
LOAD ./Sources/DRIVER/DRIVER_SIM.o
LOAD ./Sources/DRIVER/DRIVER_Software_timer.o
LOAD ./Sources/DRIVER/DRIVER_Systick.o
LOAD ./Sources/DRIVER/DRIVER_UART.o
LOAD ./Sources/DRIVER/DRIVER_UART_checkData.o
LOAD ./Sources/App/APP.o
LOAD ./Sources/main.o
LOAD ./Project_Settings/Startup_Code/startup_MKL46Z4.o
LOAD ./Project_Settings/Startup_Code/system_MKL46Z4.o
LOAD c:/freescale/kds_v3/toolchain/bin/../lib/gcc/arm-none-eabi/4.8.4/../../../../arm-none-eabi/lib/armv6-m\libstdc++_s.a
LOAD c:/freescale/kds_v3/toolchain/bin/../lib/gcc/arm-none-eabi/4.8.4/../../../../arm-none-eabi/lib/armv6-m\libm.a
START GROUP
LOAD c:/freescale/kds_v3/toolchain/bin/../lib/gcc/arm-none-eabi/4.8.4/armv6-m\libgcc.a
LOAD c:/freescale/kds_v3/toolchain/bin/../lib/gcc/arm-none-eabi/4.8.4/../../../../arm-none-eabi/lib/armv6-m\libg_s.a
LOAD c:/freescale/kds_v3/toolchain/bin/../lib/gcc/arm-none-eabi/4.8.4/../../../../arm-none-eabi/lib/armv6-m\libc_s.a
END GROUP
START GROUP
LOAD c:/freescale/kds_v3/toolchain/bin/../lib/gcc/arm-none-eabi/4.8.4/armv6-m\libgcc.a
LOAD c:/freescale/kds_v3/toolchain/bin/../lib/gcc/arm-none-eabi/4.8.4/../../../../arm-none-eabi/lib/armv6-m\libc_s.a
LOAD c:/freescale/kds_v3/toolchain/bin/../lib/gcc/arm-none-eabi/4.8.4/../../../../arm-none-eabi/lib/armv6-m\libnosys.a
END GROUP
START GROUP
LOAD c:/freescale/kds_v3/toolchain/bin/../lib/gcc/arm-none-eabi/4.8.4/armv6-m\libgcc.a
LOAD c:/freescale/kds_v3/toolchain/bin/../lib/gcc/arm-none-eabi/4.8.4/../../../../arm-none-eabi/lib/armv6-m\libc_s.a
LOAD c:/freescale/kds_v3/toolchain/bin/../lib/gcc/arm-none-eabi/4.8.4/../../../../arm-none-eabi/lib/armv6-m\libnosys.a
END GROUP
LOAD c:/freescale/kds_v3/toolchain/bin/../lib/gcc/arm-none-eabi/4.8.4/armv6-m/crtend.o
LOAD c:/freescale/kds_v3/toolchain/bin/../lib/gcc/arm-none-eabi/4.8.4/armv6-m/crtn.o
                0x00000400                HEAP_SIZE = DEFINED (__heap_size__)?__heap_size__:0x400
                0x00000400                STACK_SIZE = DEFINED (__stack_size__)?__stack_size__:0x400

.interrupts     0x00000000       0xc0
                0x00000000                __VECTOR_TABLE = .
                0x00000000                . = ALIGN (0x4)
 *(.isr_vector)
 .isr_vector    0x00000000       0xc0 ./Project_Settings/Startup_Code/startup_MKL46Z4.o
                0x00000000                __isr_vector
                0x000000c0                . = ALIGN (0x4)

.flash_config   0x00000400       0x10
                0x00000400                . = ALIGN (0x4)
 *(.FlashConfig)
 .FlashConfig   0x00000400       0x10 ./Project_Settings/Startup_Code/startup_MKL46Z4.o
                0x00000410                . = ALIGN (0x4)

.text           0x00000410      0xddc
                0x00000410                . = ALIGN (0x4)
 *(.text)
 .text          0x00000410       0x60 c:/freescale/kds_v3/toolchain/bin/../lib/gcc/arm-none-eabi/4.8.4/armv6-m/crtbegin.o
 .text          0x00000470       0x78 c:/freescale/kds_v3/toolchain/bin/../lib/gcc/arm-none-eabi/4.8.4/../../../../arm-none-eabi/lib/armv6-m/crt0.o
                0x00000470                _start
                0x00000470                _mainCRTStartup
 .text          0x000004e8       0x34 ./Project_Settings/Startup_Code/startup_MKL46Z4.o
                0x000004e8                Reset_Handler
                0x00000514                HardFault_Handler
                0x00000514                PendSV_Handler
                0x00000514                NMI_Handler
                0x00000514                PORTC_PORTD_IRQHandler
                0x00000514                I2C1_IRQHandler
                0x00000514                UART1_IRQHandler
                0x00000514                DMA2_IRQHandler
                0x00000514                TPM0_IRQHandler
                0x00000514                I2S0_IRQHandler
                0x00000514                LLWU_IRQHandler
                0x00000514                TSI0_IRQHandler
                0x00000514                SPI1_IRQHandler
                0x00000514                DefaultISR
                0x00000514                TPM2_IRQHandler
                0x00000514                RTC_IRQHandler
                0x00000514                I2C0_IRQHandler
                0x00000514                LCD_IRQHandler
                0x00000514                RTC_Seconds_IRQHandler
                0x00000514                MCG_IRQHandler
                0x00000514                UART2_IRQHandler
                0x00000514                Reserved20_IRQHandler
                0x00000514                USB0_IRQHandler
                0x00000514                PIT_IRQHandler
                0x00000514                SVC_Handler
                0x00000514                DMA3_IRQHandler
                0x00000514                DMA0_IRQHandler
                0x00000514                DAC0_IRQHandler
                0x00000514                TPM1_IRQHandler
                0x00000514                LVD_LVW_IRQHandler
                0x00000514                SPI0_IRQHandler
                0x00000514                PORTA_IRQHandler
                0x00000514                FTFA_IRQHandler
                0x00000514                LPTMR0_IRQHandler
                0x00000514                CMP0_IRQHandler
                0x00000514                DMA1_IRQHandler
 .text          0x0000051c       0x14 c:/freescale/kds_v3/toolchain/bin/../lib/gcc/arm-none-eabi/4.8.4/../../../../arm-none-eabi/lib/armv6-m\libg_s.a(lib_a-strcmp.o)
                0x0000051c                strcmp
 *(.text*)
 .text.HAL_UART_BDH_SBR
                0x00000530       0x28 ./Sources/HAL/HAL_UART/HAL_UART_BDH.o
                0x00000530                HAL_UART_BDH_SBR
 .text.HAL_UART_BDL_SBR
                0x00000558       0x20 ./Sources/HAL/HAL_UART/HAL_UART_BDL.o
                0x00000558                HAL_UART_BDL_SBR
 .text.HAL_UART_C2_RIE
                0x00000578       0x30 ./Sources/HAL/HAL_UART/HAL_UART_C2.o
                0x00000578                HAL_UART_C2_RIE
 .text.HAL_UART_C2_TE
                0x000005a8       0x30 ./Sources/HAL/HAL_UART/HAL_UART_C2.o
                0x000005a8                HAL_UART_C2_TE
 .text.HAL_UART_C2_RE
                0x000005d8       0x30 ./Sources/HAL/HAL_UART/HAL_UART_C2.o
                0x000005d8                HAL_UART_C2_RE
 .text.HAL_UART_data
                0x00000608       0x1c ./Sources/HAL/HAL_UART/HAL_UART_D.o
                0x00000608                HAL_UART_data
 .text.HAL_UART_data_assign
                0x00000624       0x1c ./Sources/HAL/HAL_UART/HAL_UART_D.o
                0x00000624                HAL_UART_data_assign
 .text.HAL_UART_S1_TC
                0x00000640       0x24 ./Sources/HAL/HAL_UART/HAL_UART_S1.o
                0x00000640                HAL_UART_S1_TC
 .text.HAL_UART_S1_RDRF
                0x00000664       0x24 ./Sources/HAL/HAL_UART/HAL_UART_S1.o
                0x00000664                HAL_UART_S1_RDRF
 .text.HAL_ADC0_dataReturn
                0x00000688       0x14 ./Sources/HAL/HAL_ADC.o
                0x00000688                HAL_ADC0_dataReturn
 .text.HAL_GPIO_Init
                0x0000069c       0x4c ./Sources/HAL/HAL_GPIO.o
                0x0000069c                HAL_GPIO_Init
 .text.HAL_GPIO_WritePin
                0x000006e8       0x4c ./Sources/HAL/HAL_GPIO.o
                0x000006e8                HAL_GPIO_WritePin
 .text.HAL_GPIO_PinStatus
                0x00000734       0x28 ./Sources/HAL/HAL_GPIO.o
                0x00000734                HAL_GPIO_PinStatus
 .text.NVIC_EnableIRQ
                0x0000075c       0x2c ./Sources/HAL/HAL_NVIC.o
 .text.HAL_EnableIRQ
                0x00000788       0x20 ./Sources/HAL/HAL_NVIC.o
                0x00000788                HAL_EnableIRQ
 .text.HAL_PORT_Init
                0x000007a8       0x48 ./Sources/HAL/HAL_PORT.o
                0x000007a8                HAL_PORT_Init
 .text.HAL_SIM_SOPT2_EnableClock
                0x000007f0       0x28 ./Sources/HAL/HAL_SIM.o
                0x000007f0                HAL_SIM_SOPT2_EnableClock
 .text.HAL_SIM_SCGC4_EnableClock
                0x00000818       0x28 ./Sources/HAL/HAL_SIM.o
                0x00000818                HAL_SIM_SCGC4_EnableClock
 .text.HAL_SIM_SCGC5_EnableClock
                0x00000840       0x2c ./Sources/HAL/HAL_SIM.o
                0x00000840                HAL_SIM_SCGC5_EnableClock
 .text.DRIVER_GPIO_Init
                0x0000086c       0x28 ./Sources/DRIVER/DRIVER_GPIO.o
                0x0000086c                DRIVER_GPIO_Init
 .text.DRIVER_GPIO_WritePin
                0x00000894       0x28 ./Sources/DRIVER/DRIVER_GPIO.o
                0x00000894                DRIVER_GPIO_WritePin
 .text.DRIVER_GPIO_PinStatus
                0x000008bc       0x20 ./Sources/DRIVER/DRIVER_GPIO.o
                0x000008bc                DRIVER_GPIO_PinStatus
 .text.DRIVER_NVIC_EnableIRQ
                0x000008dc       0x20 ./Sources/DRIVER/DRIVER_NVIC.o
                0x000008dc                DRIVER_NVIC_EnableIRQ
 .text.DRIVER_PORT_Init
                0x000008fc       0x28 ./Sources/DRIVER/DRIVER_PORT.o
                0x000008fc                DRIVER_PORT_Init
 .text.ADC0_IRQHandler
                0x00000924       0x18 ./Sources/DRIVER/DRIVER_PORT.o
                0x00000924                ADC0_IRQHandler
 .text.DRIVER_SIM_SOPT2_EnableClock
                0x0000093c       0x18 ./Sources/DRIVER/DRIVER_SIM.o
                0x0000093c                DRIVER_SIM_SOPT2_EnableClock
 .text.DRIVER_SIM_SCGC4_EnableClock
                0x00000954       0x18 ./Sources/DRIVER/DRIVER_SIM.o
                0x00000954                DRIVER_SIM_SCGC4_EnableClock
 .text.DRIVER_SIM_SCGC5_EnableClock
                0x0000096c       0x1c ./Sources/DRIVER/DRIVER_SIM.o
                0x0000096c                DRIVER_SIM_SCGC5_EnableClock
 .text.SysTick_Handler
                0x00000988       0x2c ./Sources/DRIVER/DRIVER_Systick.o
                0x00000988                SysTick_Handler
 .text.DRIVER_UART_BDH
                0x000009b4       0x24 ./Sources/DRIVER/DRIVER_UART.o
                0x000009b4                DRIVER_UART_BDH
 .text.DRIVER_UART_BDL
                0x000009d8       0x24 ./Sources/DRIVER/DRIVER_UART.o
                0x000009d8                DRIVER_UART_BDL
 .text.DRIVER_UART_C2
                0x000009fc       0x34 ./Sources/DRIVER/DRIVER_UART.o
                0x000009fc                DRIVER_UART_C2
 .text.DRIVER_UART_C2_interruptStatus
                0x00000a30       0x24 ./Sources/DRIVER/DRIVER_UART.o
                0x00000a30                DRIVER_UART_C2_interruptStatus
 .text.Init_LED_Green
                0x00000a54       0x44 ./Sources/App/APP.o
                0x00000a54                Init_LED_Green
 .text.Init_LED_Red
                0x00000a98       0x44 ./Sources/App/APP.o
                0x00000a98                Init_LED_Red
 .text.init_UART0
                0x00000adc       0x90 ./Sources/App/APP.o
                0x00000adc                init_UART0
 .text.UART0_SendChar
                0x00000b6c       0x3c ./Sources/App/APP.o
 .text.UART0_GetChar
                0x00000ba8       0x30 ./Sources/App/APP.o
 .text.UART0_get_CMD
                0x00000bd8       0xe0 ./Sources/App/APP.o
 .text.led_status_command
                0x00000cb8       0x74 ./Sources/App/APP.o
 .text.UART0_command_help
                0x00000d2c       0x5c ./Sources/App/APP.o
                0x00000d2c                UART0_command_help
 .text.UART0_send_string
                0x00000d88       0x28 ./Sources/App/APP.o
                0x00000d88                UART0_send_string
 .text.UART0_get_string
                0x00000db0       0x74 ./Sources/App/APP.o
                0x00000db0                UART0_get_string
 .text.UART0_access_command
                0x00000e24       0xc8 ./Sources/App/APP.o
                0x00000e24                UART0_access_command
 .text.UART0_IRQHandler
                0x00000eec       0x20 ./Sources/main.o
                0x00000eec                UART0_IRQHandler
 .text.main     0x00000f0c       0x18 ./Sources/main.o
                0x00000f0c                main
 .text.SystemInit
                0x00000f24       0x18 ./Project_Settings/Startup_Code/system_MKL46Z4.o
                0x00000f24                SystemInit
 .text.exit     0x00000f3c       0x2c c:/freescale/kds_v3/toolchain/bin/../lib/gcc/arm-none-eabi/4.8.4/../../../../arm-none-eabi/lib/armv6-m\libg_s.a(lib_a-exit.o)
                0x00000f3c                exit
 .text.__libc_init_array
                0x00000f68       0x4c c:/freescale/kds_v3/toolchain/bin/../lib/gcc/arm-none-eabi/4.8.4/../../../../arm-none-eabi/lib/armv6-m\libg_s.a(lib_a-init.o)
                0x00000f68                __libc_init_array
 .text.memset   0x00000fb4       0x10 c:/freescale/kds_v3/toolchain/bin/../lib/gcc/arm-none-eabi/4.8.4/../../../../arm-none-eabi/lib/armv6-m\libg_s.a(lib_a-memset.o)
                0x00000fb4                memset
 .text._exit    0x00000fc4        0x4 c:/freescale/kds_v3/toolchain/bin/../lib/gcc/arm-none-eabi/4.8.4/../../../../arm-none-eabi/lib/armv6-m\libnosys.a(_exit.o)
                0x00000fc4                _exit
 *(.rodata)
 .rodata        0x00000fc8      0x1e8 ./Sources/App/APP.o
 *(.rodata*)
 .rodata.UART0_access_command
                0x000011b0       0x1c ./Sources/App/APP.o
 .rodata.str1.1
                0x000011cc        0x2 c:/freescale/kds_v3/toolchain/bin/../lib/gcc/arm-none-eabi/4.8.4/../../../../arm-none-eabi/lib/armv6-m\libg_s.a(lib_a-impure.o)
 *fill*         0x000011ce        0x2 
 .rodata._global_impure_ptr
                0x000011d0        0x4 c:/freescale/kds_v3/toolchain/bin/../lib/gcc/arm-none-eabi/4.8.4/../../../../arm-none-eabi/lib/armv6-m\libg_s.a(lib_a-impure.o)
                0x000011d0                _global_impure_ptr
 *(.glue_7)
 .glue_7        0x00000000        0x0 linker stubs
 *(.glue_7t)
 .glue_7t       0x00000000        0x0 linker stubs
 *(.eh_frame)
 .eh_frame      0x000011d4        0x0 c:/freescale/kds_v3/toolchain/bin/../lib/gcc/arm-none-eabi/4.8.4/armv6-m/crtbegin.o
 *(.init)
 .init          0x000011d4        0x4 c:/freescale/kds_v3/toolchain/bin/../lib/gcc/arm-none-eabi/4.8.4/armv6-m/crti.o
                0x000011d4                _init
 .init          0x000011d8        0x8 c:/freescale/kds_v3/toolchain/bin/../lib/gcc/arm-none-eabi/4.8.4/armv6-m/crtn.o
 *(.fini)
 .fini          0x000011e0        0x4 c:/freescale/kds_v3/toolchain/bin/../lib/gcc/arm-none-eabi/4.8.4/armv6-m/crti.o
                0x000011e0                _fini
 .fini          0x000011e4        0x8 c:/freescale/kds_v3/toolchain/bin/../lib/gcc/arm-none-eabi/4.8.4/armv6-m/crtn.o
                0x000011ec                . = ALIGN (0x4)

.vfp11_veneer   0x000011ec        0x0
 .vfp11_veneer  0x00000000        0x0 linker stubs

.v4_bx          0x000011ec        0x0
 .v4_bx         0x00000000        0x0 linker stubs

.iplt           0x000011ec        0x0
 .iplt          0x00000000        0x0 c:/freescale/kds_v3/toolchain/bin/../lib/gcc/arm-none-eabi/4.8.4/armv6-m/crtbegin.o

.ARM.extab
 *(.ARM.extab* .gnu.linkonce.armextab.*)

.ARM            0x000011ec        0x8
                0x000011ec                __exidx_start = .
 *(.ARM.exidx*)
 .ARM.exidx     0x000011ec        0x8 c:/freescale/kds_v3/toolchain/bin/../lib/gcc/arm-none-eabi/4.8.4/../../../../arm-none-eabi/lib/armv6-m/crt0.o
                0x000011f4                __exidx_end = .

.rel.dyn        0x000011f4        0x0
 .rel.iplt      0x00000000        0x0 c:/freescale/kds_v3/toolchain/bin/../lib/gcc/arm-none-eabi/4.8.4/armv6-m/crtbegin.o

.ctors          0x000011f4        0x0
                0x000011f4                __CTOR_LIST__ = .
 *crtbegin.o(.ctors)
 *crtbegin?.o(.ctors)
 *(EXCLUDE_FILE(*crtend.o *crtend?.o) .ctors)
 *(SORT(.ctors.*))
 *(.ctors)
                0x000011f4                __CTOR_END__ = .

.dtors          0x000011f4        0x0
                0x000011f4                __DTOR_LIST__ = .
 *crtbegin.o(.dtors)
 *crtbegin?.o(.dtors)
 *(EXCLUDE_FILE(*crtend.o *crtend?.o) .dtors)
 *(SORT(.dtors.*))
 *(.dtors)
                0x000011f4                __DTOR_END__ = .

.preinit_array  0x000011f4        0x0
                0x000011f4                PROVIDE (__preinit_array_start, .)
 *(.preinit_array*)
                0x000011f4                PROVIDE (__preinit_array_end, .)

.init_array     0x000011f4        0x4
                0x000011f4                PROVIDE (__init_array_start, .)
 *(SORT(.init_array.*))
 *(.init_array*)
 .init_array    0x000011f4        0x4 c:/freescale/kds_v3/toolchain/bin/../lib/gcc/arm-none-eabi/4.8.4/armv6-m/crtbegin.o
                0x000011f8                PROVIDE (__init_array_end, .)

.fini_array     0x000011f8        0x4
                0x000011f8                PROVIDE (__fini_array_start, .)
 *(SORT(.fini_array.*))
 *(.fini_array*)
 .fini_array    0x000011f8        0x4 c:/freescale/kds_v3/toolchain/bin/../lib/gcc/arm-none-eabi/4.8.4/armv6-m/crtbegin.o
                0x000011fc                PROVIDE (__fini_array_end, .)
                0x000011fc                __etext = .
                0x000011fc                __DATA_ROM = .

.mtb            0x1fffe000        0x0
                0x1fffe000                . = ALIGN (0x8)
                0x1fffe000                _mtb_start = .
 *(.mtb_buf)
                0x1fffe000                . = ALIGN (0x8)
                0x1fffe000                _mtb_end = .

.data           0x1fffe000       0x64 load address 0x000011fc
                0x1fffe000                . = ALIGN (0x4)
                0x1fffe000                __DATA_RAM = .
                0x1fffe000                __data_start__ = .
 *(.data)
 *(.data*)
 .data.impure_data
                0x1fffe000       0x60 c:/freescale/kds_v3/toolchain/bin/../lib/gcc/arm-none-eabi/4.8.4/../../../../arm-none-eabi/lib/armv6-m\libg_s.a(lib_a-impure.o)
 *(.jcr*)
 .jcr           0x1fffe060        0x0 c:/freescale/kds_v3/toolchain/bin/../lib/gcc/arm-none-eabi/4.8.4/armv6-m/crtbegin.o
 .jcr           0x1fffe060        0x4 c:/freescale/kds_v3/toolchain/bin/../lib/gcc/arm-none-eabi/4.8.4/armv6-m/crtend.o
                0x1fffe064                . = ALIGN (0x4)
                0x1fffe064                __data_end__ = .
                0x00001260                __DATA_END = (__DATA_ROM + (__data_end__ - __data_start__))

.igot.plt       0x1fffe064        0x0 load address 0x00001260
 .igot.plt      0x00000000        0x0 c:/freescale/kds_v3/toolchain/bin/../lib/gcc/arm-none-eabi/4.8.4/armv6-m/crtbegin.o

.bss            0x1fffe064      0x120 load address 0x00001260
                0x1fffe064                . = ALIGN (0x4)
                0x1fffe064                __START_BSS = .
                0x1fffe064                __bss_start__ = .
 *(.bss)
 .bss           0x1fffe064       0x1c c:/freescale/kds_v3/toolchain/bin/../lib/gcc/arm-none-eabi/4.8.4/armv6-m/crtbegin.o
 *(.bss*)
 .bss.countFlag
                0x1fffe080        0x1 ./Sources/DRIVER/DRIVER_Systick.o
                0x1fffe080                countFlag
 *(COMMON)
 *fill*         0x1fffe081        0x1 
 COMMON         0x1fffe082        0x2 ./Sources/DRIVER/DRIVER_PORT.o
                0x1fffe082                adc_value
 COMMON         0x1fffe084       0xff ./Sources/App/APP.o
                0x1fffe084                commandBuffer
                0x1fffe184                . = ALIGN (0x4)
 *fill*         0x1fffe183        0x1 
                0x1fffe184                __bss_end__ = .
                0x1fffe184                __END_BSS = .

.heap           0x1fffe184      0x404 load address 0x00001380
                0x1fffe188                . = ALIGN (0x8)
 *fill*         0x1fffe184        0x4 
                0x1fffe188                __end__ = .
                0x1fffe188                PROVIDE (end, .)
                0x1fffe188                __HeapBase = .
                0x1fffe588                . = (. + HEAP_SIZE)
 *fill*         0x1fffe188      0x400 
                0x1fffe588                __HeapLimit = .

.stack          0x1fffe588      0x400 load address 0x00001784
                0x1fffe588                . = ALIGN (0x8)
                0x1fffe988                . = (. + STACK_SIZE)
 *fill*         0x1fffe588      0x400 
                0x20006000                __StackTop = (ORIGIN (m_data) + 0x8000)
                0x20005c00                __StackLimit = (__StackTop - STACK_SIZE)
                0x20006000                PROVIDE (__stack, __StackTop)

.ARM.attributes
                0x00000000       0x28
 *(.ARM.attributes)
 .ARM.attributes
                0x00000000       0x1e c:/freescale/kds_v3/toolchain/bin/../lib/gcc/arm-none-eabi/4.8.4/armv6-m/crti.o
 .ARM.attributes
                0x0000001e       0x2c c:/freescale/kds_v3/toolchain/bin/../lib/gcc/arm-none-eabi/4.8.4/armv6-m/crtbegin.o
 .ARM.attributes
                0x0000004a       0x1b c:/freescale/kds_v3/toolchain/bin/../lib/gcc/arm-none-eabi/4.8.4/../../../../arm-none-eabi/lib/armv6-m/crt0.o
 .ARM.attributes
                0x00000065       0x32 ./Sources/HAL/HAL_UART/HAL_UART_BDH.o
 .ARM.attributes
                0x00000097       0x32 ./Sources/HAL/HAL_UART/HAL_UART_BDL.o
 .ARM.attributes
                0x000000c9       0x32 ./Sources/HAL/HAL_UART/HAL_UART_C2.o
 .ARM.attributes
                0x000000fb       0x32 ./Sources/HAL/HAL_UART/HAL_UART_D.o
 .ARM.attributes
                0x0000012d       0x32 ./Sources/HAL/HAL_UART/HAL_UART_S1.o
 .ARM.attributes
                0x0000015f       0x32 ./Sources/HAL/HAL_ADC.o
 .ARM.attributes
                0x00000191       0x32 ./Sources/HAL/HAL_GPIO.o
 .ARM.attributes
                0x000001c3       0x32 ./Sources/HAL/HAL_NVIC.o
 .ARM.attributes
                0x000001f5       0x32 ./Sources/HAL/HAL_PORT.o
 .ARM.attributes
                0x00000227       0x32 ./Sources/HAL/HAL_SIM.o
 .ARM.attributes
                0x00000259       0x32 ./Sources/DRIVER/DRIVER_GPIO.o
 .ARM.attributes
                0x0000028b       0x32 ./Sources/DRIVER/DRIVER_NVIC.o
 .ARM.attributes
                0x000002bd       0x32 ./Sources/DRIVER/DRIVER_PORT.o
 .ARM.attributes
                0x000002ef       0x32 ./Sources/DRIVER/DRIVER_SIM.o
 .ARM.attributes
                0x00000321       0x32 ./Sources/DRIVER/DRIVER_Systick.o
 .ARM.attributes
                0x00000353       0x32 ./Sources/DRIVER/DRIVER_UART.o
 .ARM.attributes
                0x00000385       0x32 ./Sources/App/APP.o
 .ARM.attributes
                0x000003b7       0x32 ./Sources/main.o
 .ARM.attributes
                0x000003e9       0x1b ./Project_Settings/Startup_Code/startup_MKL46Z4.o
 .ARM.attributes
                0x00000404       0x32 ./Project_Settings/Startup_Code/system_MKL46Z4.o
 .ARM.attributes
                0x00000436       0x2c c:/freescale/kds_v3/toolchain/bin/../lib/gcc/arm-none-eabi/4.8.4/../../../../arm-none-eabi/lib/armv6-m\libg_s.a(lib_a-exit.o)
 .ARM.attributes
                0x00000462       0x2c c:/freescale/kds_v3/toolchain/bin/../lib/gcc/arm-none-eabi/4.8.4/../../../../arm-none-eabi/lib/armv6-m\libg_s.a(lib_a-impure.o)
 .ARM.attributes
                0x0000048e       0x2c c:/freescale/kds_v3/toolchain/bin/../lib/gcc/arm-none-eabi/4.8.4/../../../../arm-none-eabi/lib/armv6-m\libg_s.a(lib_a-init.o)
 .ARM.attributes
                0x000004ba       0x2c c:/freescale/kds_v3/toolchain/bin/../lib/gcc/arm-none-eabi/4.8.4/../../../../arm-none-eabi/lib/armv6-m\libg_s.a(lib_a-memset.o)
 .ARM.attributes
                0x000004e6       0x1c c:/freescale/kds_v3/toolchain/bin/../lib/gcc/arm-none-eabi/4.8.4/../../../../arm-none-eabi/lib/armv6-m\libg_s.a(lib_a-strcmp.o)
 .ARM.attributes
                0x00000502       0x2c c:/freescale/kds_v3/toolchain/bin/../lib/gcc/arm-none-eabi/4.8.4/../../../../arm-none-eabi/lib/armv6-m\libnosys.a(_exit.o)
 .ARM.attributes
                0x0000052e       0x2c c:/freescale/kds_v3/toolchain/bin/../lib/gcc/arm-none-eabi/4.8.4/armv6-m/crtend.o
 .ARM.attributes
                0x0000055a       0x1e c:/freescale/kds_v3/toolchain/bin/../lib/gcc/arm-none-eabi/4.8.4/armv6-m/crtn.o
                0x00000001                ASSERT ((__StackLimit >= __HeapLimit), region m_data overflowed with stack and heap)
OUTPUT(HuynhDucQuangVinh_MCUASM7.elf elf32-littlearm)

.debug_info     0x00000000     0x38db
 .debug_info    0x00000000      0x24d ./Sources/HAL/HAL_UART/HAL_UART_BDH.o
 .debug_info    0x0000024d      0x168 ./Sources/HAL/HAL_UART/HAL_UART_BDL.o
 .debug_info    0x000003b5      0x381 ./Sources/HAL/HAL_UART/HAL_UART_C2.o
 .debug_info    0x00000736      0x17d ./Sources/HAL/HAL_UART/HAL_UART_D.o
 .debug_info    0x000008b3      0x263 ./Sources/HAL/HAL_UART/HAL_UART_S1.o
 .debug_info    0x00000b16      0x3e2 ./Sources/HAL/HAL_ADC.o
 .debug_info    0x00000ef8      0x25a ./Sources/HAL/HAL_GPIO.o
 .debug_info    0x00001152      0x3fd ./Sources/HAL/HAL_NVIC.o
 .debug_info    0x0000154f      0x351 ./Sources/HAL/HAL_PORT.o
 .debug_info    0x000018a0      0x41f ./Sources/HAL/HAL_SIM.o
 .debug_info    0x00001cbf      0x21b ./Sources/DRIVER/DRIVER_GPIO.o
 .debug_info    0x00001eda      0x236 ./Sources/DRIVER/DRIVER_NVIC.o
 .debug_info    0x00002110      0x3a3 ./Sources/DRIVER/DRIVER_PORT.o
 .debug_info    0x000024b3      0x27d ./Sources/DRIVER/DRIVER_SIM.o
 .debug_info    0x00002730      0x211 ./Sources/DRIVER/DRIVER_Systick.o
 .debug_info    0x00002941      0x2ab ./Sources/DRIVER/DRIVER_UART.o
 .debug_info    0x00002bec      0x6ec ./Sources/App/APP.o
 .debug_info    0x000032d8      0x16a ./Sources/main.o
 .debug_info    0x00003442       0xab ./Project_Settings/Startup_Code/startup_MKL46Z4.o
 .debug_info    0x000034ed      0x3ee ./Project_Settings/Startup_Code/system_MKL46Z4.o

.debug_abbrev   0x00000000     0x12aa
 .debug_abbrev  0x00000000       0xe2 ./Sources/HAL/HAL_UART/HAL_UART_BDH.o
 .debug_abbrev  0x000000e2       0xb2 ./Sources/HAL/HAL_UART/HAL_UART_BDL.o
 .debug_abbrev  0x00000194       0xd3 ./Sources/HAL/HAL_UART/HAL_UART_C2.o
 .debug_abbrev  0x00000267       0xbd ./Sources/HAL/HAL_UART/HAL_UART_D.o
 .debug_abbrev  0x00000324       0xbf ./Sources/HAL/HAL_UART/HAL_UART_S1.o
 .debug_abbrev  0x000003e3      0x105 ./Sources/HAL/HAL_ADC.o
 .debug_abbrev  0x000004e8       0xf3 ./Sources/HAL/HAL_GPIO.o
 .debug_abbrev  0x000005db      0x13d ./Sources/HAL/HAL_NVIC.o
 .debug_abbrev  0x00000718      0x125 ./Sources/HAL/HAL_PORT.o
 .debug_abbrev  0x0000083d       0xf4 ./Sources/HAL/HAL_SIM.o
 .debug_abbrev  0x00000931       0xe4 ./Sources/DRIVER/DRIVER_GPIO.o
 .debug_abbrev  0x00000a15       0x9c ./Sources/DRIVER/DRIVER_NVIC.o
 .debug_abbrev  0x00000ab1      0x146 ./Sources/DRIVER/DRIVER_PORT.o
 .debug_abbrev  0x00000bf7       0x93 ./Sources/DRIVER/DRIVER_SIM.o
 .debug_abbrev  0x00000c8a      0x167 ./Sources/DRIVER/DRIVER_Systick.o
 .debug_abbrev  0x00000df1       0xe2 ./Sources/DRIVER/DRIVER_UART.o
 .debug_abbrev  0x00000ed3      0x1d8 ./Sources/App/APP.o
 .debug_abbrev  0x000010ab       0xe2 ./Sources/main.o
 .debug_abbrev  0x0000118d       0x14 ./Project_Settings/Startup_Code/startup_MKL46Z4.o
 .debug_abbrev  0x000011a1      0x109 ./Project_Settings/Startup_Code/system_MKL46Z4.o

.debug_aranges  0x00000000      0x490
 .debug_aranges
                0x00000000       0x38 ./Sources/HAL/HAL_UART/HAL_UART_BDH.o
 .debug_aranges
                0x00000038       0x20 ./Sources/HAL/HAL_UART/HAL_UART_BDL.o
 .debug_aranges
                0x00000058       0x58 ./Sources/HAL/HAL_UART/HAL_UART_C2.o
 .debug_aranges
                0x000000b0       0x28 ./Sources/HAL/HAL_UART/HAL_UART_D.o
 .debug_aranges
                0x000000d8       0x58 ./Sources/HAL/HAL_UART/HAL_UART_S1.o
 .debug_aranges
                0x00000130       0x38 ./Sources/HAL/HAL_ADC.o
 .debug_aranges
                0x00000168       0x38 ./Sources/HAL/HAL_GPIO.o
 .debug_aranges
                0x000001a0       0x38 ./Sources/HAL/HAL_NVIC.o
 .debug_aranges
                0x000001d8       0x48 ./Sources/HAL/HAL_PORT.o
 .debug_aranges
                0x00000220       0x38 ./Sources/HAL/HAL_SIM.o
 .debug_aranges
                0x00000258       0x38 ./Sources/DRIVER/DRIVER_GPIO.o
 .debug_aranges
                0x00000290       0x28 ./Sources/DRIVER/DRIVER_NVIC.o
 .debug_aranges
                0x000002b8       0x50 ./Sources/DRIVER/DRIVER_PORT.o
 .debug_aranges
                0x00000308       0x38 ./Sources/DRIVER/DRIVER_SIM.o
 .debug_aranges
                0x00000340       0x38 ./Sources/DRIVER/DRIVER_Systick.o
 .debug_aranges
                0x00000378       0x38 ./Sources/DRIVER/DRIVER_UART.o
 .debug_aranges
                0x000003b0       0x70 ./Sources/App/APP.o
 .debug_aranges
                0x00000420       0x28 ./Sources/main.o
 .debug_aranges
                0x00000448       0x20 ./Project_Settings/Startup_Code/startup_MKL46Z4.o
 .debug_aranges
                0x00000468       0x28 ./Project_Settings/Startup_Code/system_MKL46Z4.o

.debug_ranges   0x00000000      0x340
 .debug_ranges  0x00000000       0x28 ./Sources/HAL/HAL_UART/HAL_UART_BDH.o
 .debug_ranges  0x00000028       0x10 ./Sources/HAL/HAL_UART/HAL_UART_BDL.o
 .debug_ranges  0x00000038       0x48 ./Sources/HAL/HAL_UART/HAL_UART_C2.o
 .debug_ranges  0x00000080       0x18 ./Sources/HAL/HAL_UART/HAL_UART_D.o
 .debug_ranges  0x00000098       0x48 ./Sources/HAL/HAL_UART/HAL_UART_S1.o
 .debug_ranges  0x000000e0       0x28 ./Sources/HAL/HAL_ADC.o
 .debug_ranges  0x00000108       0x28 ./Sources/HAL/HAL_GPIO.o
 .debug_ranges  0x00000130       0x28 ./Sources/HAL/HAL_NVIC.o
 .debug_ranges  0x00000158       0x38 ./Sources/HAL/HAL_PORT.o
 .debug_ranges  0x00000190       0x28 ./Sources/HAL/HAL_SIM.o
 .debug_ranges  0x000001b8       0x28 ./Sources/DRIVER/DRIVER_GPIO.o
 .debug_ranges  0x000001e0       0x18 ./Sources/DRIVER/DRIVER_NVIC.o
 .debug_ranges  0x000001f8       0x40 ./Sources/DRIVER/DRIVER_PORT.o
 .debug_ranges  0x00000238       0x28 ./Sources/DRIVER/DRIVER_SIM.o
 .debug_ranges  0x00000260       0x28 ./Sources/DRIVER/DRIVER_Systick.o
 .debug_ranges  0x00000288       0x28 ./Sources/DRIVER/DRIVER_UART.o
 .debug_ranges  0x000002b0       0x60 ./Sources/App/APP.o
 .debug_ranges  0x00000310       0x18 ./Sources/main.o
 .debug_ranges  0x00000328       0x18 ./Project_Settings/Startup_Code/system_MKL46Z4.o

.debug_macro    0x00000000     0xfaa7
 .debug_macro   0x00000000       0x8d ./Sources/HAL/HAL_UART/HAL_UART_BDH.o
 .debug_macro   0x0000008d      0x802 ./Sources/HAL/HAL_UART/HAL_UART_BDH.o
 .debug_macro   0x0000088f       0x16 ./Sources/HAL/HAL_UART/HAL_UART_BDH.o
 .debug_macro   0x000008a5       0x16 ./Sources/HAL/HAL_UART/HAL_UART_BDH.o
 .debug_macro   0x000008bb       0x44 ./Sources/HAL/HAL_UART/HAL_UART_BDH.o
 .debug_macro   0x000008ff      0x209 ./Sources/HAL/HAL_UART/HAL_UART_BDH.o
 .debug_macro   0x00000b08       0x3a ./Sources/HAL/HAL_UART/HAL_UART_BDH.o
 .debug_macro   0x00000b42       0x3a ./Sources/HAL/HAL_UART/HAL_UART_BDH.o
 .debug_macro   0x00000b7c       0x26 ./Sources/HAL/HAL_UART/HAL_UART_BDH.o
 .debug_macro   0x00000ba2      0x306 ./Sources/HAL/HAL_UART/HAL_UART_BDH.o
 .debug_macro   0x00000ea8       0x6b ./Sources/HAL/HAL_UART/HAL_UART_BDH.o
 .debug_macro   0x00000f13     0xd132 ./Sources/HAL/HAL_UART/HAL_UART_BDH.o
 .debug_macro   0x0000e045       0x8d ./Sources/HAL/HAL_UART/HAL_UART_BDL.o
 .debug_macro   0x0000e0d2       0x8d ./Sources/HAL/HAL_UART/HAL_UART_C2.o
 .debug_macro   0x0000e15f       0x8d ./Sources/HAL/HAL_UART/HAL_UART_D.o
 .debug_macro   0x0000e1ec       0x96 ./Sources/HAL/HAL_UART/HAL_UART_S1.o
 .debug_macro   0x0000e282       0x22 ./Sources/HAL/HAL_UART/HAL_UART_S1.o
 .debug_macro   0x0000e2a4       0x96 ./Sources/HAL/HAL_ADC.o
 .debug_macro   0x0000e33a       0xa4 ./Sources/HAL/HAL_GPIO.o
 .debug_macro   0x0000e3de       0x95 ./Sources/HAL/HAL_NVIC.o
 .debug_macro   0x0000e473       0x8d ./Sources/HAL/HAL_PORT.o
 .debug_macro   0x0000e500       0x8d ./Sources/HAL/HAL_SIM.o
 .debug_macro   0x0000e58d       0xb2 ./Sources/DRIVER/DRIVER_GPIO.o
 .debug_macro   0x0000e63f       0xc5 ./Sources/DRIVER/DRIVER_NVIC.o
 .debug_macro   0x0000e704      0x166 ./Sources/DRIVER/DRIVER_NVIC.o
 .debug_macro   0x0000e86a       0xbb ./Sources/DRIVER/DRIVER_PORT.o
 .debug_macro   0x0000e925       0x9b ./Sources/DRIVER/DRIVER_SIM.o
 .debug_macro   0x0000e9c0       0xbc ./Sources/DRIVER/DRIVER_Systick.o
 .debug_macro   0x0000ea7c       0xea ./Sources/DRIVER/DRIVER_UART.o
 .debug_macro   0x0000eb66      0x2fb ./Sources/App/APP.o
 .debug_macro   0x0000ee61       0x58 ./Sources/App/APP.o
 .debug_macro   0x0000eeb9       0x35 ./Sources/App/APP.o
 .debug_macro   0x0000eeee       0xa3 ./Sources/App/APP.o
 .debug_macro   0x0000ef91       0x16 ./Sources/App/APP.o
 .debug_macro   0x0000efa7       0x35 ./Sources/App/APP.o
 .debug_macro   0x0000efdc       0x10 ./Sources/App/APP.o
 .debug_macro   0x0000efec       0x52 ./Sources/App/APP.o
 .debug_macro   0x0000f03e       0x16 ./Sources/App/APP.o
 .debug_macro   0x0000f054       0x43 ./Sources/App/APP.o
 .debug_macro   0x0000f097      0x180 ./Sources/App/APP.o
 .debug_macro   0x0000f217       0x10 ./Sources/App/APP.o
 .debug_macro   0x0000f227       0x22 ./Sources/App/APP.o
 .debug_macro   0x0000f249       0xbd ./Sources/App/APP.o
 .debug_macro   0x0000f306       0x16 ./Sources/App/APP.o
 .debug_macro   0x0000f31c      0x14a ./Sources/App/APP.o
 .debug_macro   0x0000f466      0x2a6 ./Sources/App/APP.o
 .debug_macro   0x0000f70c       0x10 ./Sources/App/APP.o
 .debug_macro   0x0000f71c       0x34 ./Sources/App/APP.o
 .debug_macro   0x0000f750      0x2d9 ./Sources/main.o
 .debug_macro   0x0000fa29       0x7e ./Project_Settings/Startup_Code/system_MKL46Z4.o

.debug_line     0x00000000     0x33ec
 .debug_line    0x00000000      0x243 ./Sources/HAL/HAL_UART/HAL_UART_BDH.o
 .debug_line    0x00000243      0x212 ./Sources/HAL/HAL_UART/HAL_UART_BDL.o
 .debug_line    0x00000455      0x285 ./Sources/HAL/HAL_UART/HAL_UART_C2.o
 .debug_line    0x000006da      0x21d ./Sources/HAL/HAL_UART/HAL_UART_D.o
 .debug_line    0x000008f7      0x294 ./Sources/HAL/HAL_UART/HAL_UART_S1.o
 .debug_line    0x00000b8b      0x23d ./Sources/HAL/HAL_ADC.o
 .debug_line    0x00000dc8      0x253 ./Sources/HAL/HAL_GPIO.o
 .debug_line    0x0000101b      0x23b ./Sources/HAL/HAL_NVIC.o
 .debug_line    0x00001256      0x25a ./Sources/HAL/HAL_PORT.o
 .debug_line    0x000014b0      0x22b ./Sources/HAL/HAL_SIM.o
 .debug_line    0x000016db      0x27d ./Sources/DRIVER/DRIVER_GPIO.o
 .debug_line    0x00001958      0x276 ./Sources/DRIVER/DRIVER_NVIC.o
 .debug_line    0x00001bce      0x2c0 ./Sources/DRIVER/DRIVER_PORT.o
 .debug_line    0x00001e8e      0x25f ./Sources/DRIVER/DRIVER_SIM.o
 .debug_line    0x000020ed      0x2a3 ./Sources/DRIVER/DRIVER_Systick.o
 .debug_line    0x00002390      0x2ce ./Sources/DRIVER/DRIVER_UART.o
 .debug_line    0x0000265e      0x5ea ./Sources/App/APP.o
 .debug_line    0x00002c48      0x4e9 ./Sources/main.o
 .debug_line    0x00003131       0x7b ./Project_Settings/Startup_Code/startup_MKL46Z4.o
 .debug_line    0x000031ac      0x240 ./Project_Settings/Startup_Code/system_MKL46Z4.o

.debug_str      0x00000000    0x5387b
 .debug_str     0x00000000    0x4f131 ./Sources/HAL/HAL_UART/HAL_UART_BDH.o
                              0x4f546 (size before relaxing)
 .debug_str     0x0004f131       0x4a ./Sources/HAL/HAL_UART/HAL_UART_BDL.o
                              0x4f441 (size before relaxing)
 .debug_str     0x0004f17b      0x2ae ./Sources/HAL/HAL_UART/HAL_UART_C2.o
                              0x4f6b2 (size before relaxing)
 .debug_str     0x0004f429       0x58 ./Sources/HAL/HAL_UART/HAL_UART_D.o
                              0x4f445 (size before relaxing)
 .debug_str     0x0004f481       0xfb ./Sources/HAL/HAL_UART/HAL_UART_S1.o
                              0x4f4e4 (size before relaxing)
 .debug_str     0x0004f57c      0x282 ./Sources/HAL/HAL_ADC.o
                              0x4f6da (size before relaxing)
 .debug_str     0x0004f7fe      0x116 ./Sources/HAL/HAL_GPIO.o
                              0x4f531 (size before relaxing)
 .debug_str     0x0004f914      0x297 ./Sources/HAL/HAL_NVIC.o
                              0x4f6a7 (size before relaxing)
 .debug_str     0x0004fbab      0x1bb ./Sources/HAL/HAL_PORT.o
                              0x4f5cb (size before relaxing)
 .debug_str     0x0004fd66      0x350 ./Sources/HAL/HAL_SIM.o
                              0x4f758 (size before relaxing)
 .debug_str     0x000500b6       0x96 ./Sources/DRIVER/DRIVER_GPIO.o
                              0x4f52f (size before relaxing)
 .debug_str     0x0005014c      0x340 ./Sources/DRIVER/DRIVER_NVIC.o
                              0x4f998 (size before relaxing)
 .debug_str     0x0005048c      0x158 ./Sources/DRIVER/DRIVER_PORT.o
                              0x4f9c8 (size before relaxing)
 .debug_str     0x000505e4      0x1a1 ./Sources/DRIVER/DRIVER_SIM.o
                              0x4f794 (size before relaxing)
 .debug_str     0x00050785      0x17c ./Sources/DRIVER/DRIVER_Systick.o
                              0x4f8a6 (size before relaxing)
 .debug_str     0x00050901       0xcd ./Sources/DRIVER/DRIVER_UART.o
                              0x4f686 (size before relaxing)
 .debug_str     0x000509ce     0x2df9 ./Sources/App/APP.o
                              0x52b93 (size before relaxing)
 .debug_str     0x000537c7       0x28 ./Sources/main.o
                              0x52579 (size before relaxing)
 .debug_str     0x000537ef       0x8c ./Project_Settings/Startup_Code/system_MKL46Z4.o
                              0x4f557 (size before relaxing)

.comment        0x00000000       0x70
 .comment       0x00000000       0x70 ./Sources/HAL/HAL_UART/HAL_UART_BDH.o
                                 0x71 (size before relaxing)
 .comment       0x00000000       0x71 ./Sources/HAL/HAL_UART/HAL_UART_BDL.o
 .comment       0x00000000       0x71 ./Sources/HAL/HAL_UART/HAL_UART_C2.o
 .comment       0x00000000       0x71 ./Sources/HAL/HAL_UART/HAL_UART_D.o
 .comment       0x00000000       0x71 ./Sources/HAL/HAL_UART/HAL_UART_S1.o
 .comment       0x00000000       0x71 ./Sources/HAL/HAL_ADC.o
 .comment       0x00000000       0x71 ./Sources/HAL/HAL_GPIO.o
 .comment       0x00000000       0x71 ./Sources/HAL/HAL_NVIC.o
 .comment       0x00000000       0x71 ./Sources/HAL/HAL_PORT.o
 .comment       0x00000000       0x71 ./Sources/HAL/HAL_SIM.o
 .comment       0x00000000       0x71 ./Sources/DRIVER/DRIVER_GPIO.o
 .comment       0x00000000       0x71 ./Sources/DRIVER/DRIVER_NVIC.o
 .comment       0x00000000       0x71 ./Sources/DRIVER/DRIVER_PORT.o
 .comment       0x00000000       0x71 ./Sources/DRIVER/DRIVER_SIM.o
 .comment       0x00000000       0x71 ./Sources/DRIVER/DRIVER_Systick.o
 .comment       0x00000000       0x71 ./Sources/DRIVER/DRIVER_UART.o
 .comment       0x00000000       0x71 ./Sources/App/APP.o
 .comment       0x00000000       0x71 ./Sources/main.o
 .comment       0x00000000       0x71 ./Project_Settings/Startup_Code/system_MKL46Z4.o

.debug_frame    0x00000000      0xc30
 .debug_frame   0x00000000       0x90 ./Sources/HAL/HAL_UART/HAL_UART_BDH.o
 .debug_frame   0x00000090       0x30 ./Sources/HAL/HAL_UART/HAL_UART_BDL.o
 .debug_frame   0x000000c0      0x110 ./Sources/HAL/HAL_UART/HAL_UART_C2.o
 .debug_frame   0x000001d0       0x50 ./Sources/HAL/HAL_UART/HAL_UART_D.o
 .debug_frame   0x00000220      0x110 ./Sources/HAL/HAL_UART/HAL_UART_S1.o
 .debug_frame   0x00000330       0x8c ./Sources/HAL/HAL_ADC.o
 .debug_frame   0x000003bc       0x90 ./Sources/HAL/HAL_GPIO.o
 .debug_frame   0x0000044c       0x94 ./Sources/HAL/HAL_NVIC.o
 .debug_frame   0x000004e0       0xd0 ./Sources/HAL/HAL_PORT.o
 .debug_frame   0x000005b0       0x90 ./Sources/HAL/HAL_SIM.o
 .debug_frame   0x00000640       0x90 ./Sources/DRIVER/DRIVER_GPIO.o
 .debug_frame   0x000006d0       0x50 ./Sources/DRIVER/DRIVER_NVIC.o
 .debug_frame   0x00000720       0xe8 ./Sources/DRIVER/DRIVER_PORT.o
 .debug_frame   0x00000808       0x90 ./Sources/DRIVER/DRIVER_SIM.o
 .debug_frame   0x00000898       0x84 ./Sources/DRIVER/DRIVER_Systick.o
 .debug_frame   0x0000091c       0x90 ./Sources/DRIVER/DRIVER_UART.o
 .debug_frame   0x000009ac      0x15c ./Sources/App/APP.o
 .debug_frame   0x00000b08       0x48 ./Sources/main.o
 .debug_frame   0x00000b50       0x4c ./Project_Settings/Startup_Code/system_MKL46Z4.o
 .debug_frame   0x00000b9c       0x28 c:/freescale/kds_v3/toolchain/bin/../lib/gcc/arm-none-eabi/4.8.4/../../../../arm-none-eabi/lib/armv6-m\libg_s.a(lib_a-exit.o)
 .debug_frame   0x00000bc4       0x2c c:/freescale/kds_v3/toolchain/bin/../lib/gcc/arm-none-eabi/4.8.4/../../../../arm-none-eabi/lib/armv6-m\libg_s.a(lib_a-init.o)
 .debug_frame   0x00000bf0       0x20 c:/freescale/kds_v3/toolchain/bin/../lib/gcc/arm-none-eabi/4.8.4/../../../../arm-none-eabi/lib/armv6-m\libg_s.a(lib_a-memset.o)
 .debug_frame   0x00000c10       0x20 c:/freescale/kds_v3/toolchain/bin/../lib/gcc/arm-none-eabi/4.8.4/../../../../arm-none-eabi/lib/armv6-m\libnosys.a(_exit.o)
