Archive member included because of file (symbol)

c:/freescale/kds_v3/toolchain/bin/../lib/gcc/arm-none-eabi/4.8.4/armv6-m\libgcc.a(_udivsi3.o)
                              ./Project_Settings/Startup_Code/system_MKL46Z4.o (__aeabi_uidiv)
c:/freescale/kds_v3/toolchain/bin/../lib/gcc/arm-none-eabi/4.8.4/armv6-m\libgcc.a(_dvmd_tls.o)
                              c:/freescale/kds_v3/toolchain/bin/../lib/gcc/arm-none-eabi/4.8.4/armv6-m\libgcc.a(_udivsi3.o) (__aeabi_idiv0)
c:/freescale/kds_v3/toolchain/bin/../lib/gcc/arm-none-eabi/4.8.4/armv6-m\libgcc.a(divdf3.o)
                              ./Sources/DRIVER/DRIVER_ADC.o (__aeabi_ddiv)
c:/freescale/kds_v3/toolchain/bin/../lib/gcc/arm-none-eabi/4.8.4/armv6-m\libgcc.a(muldf3.o)
                              ./Sources/DRIVER/DRIVER_ADC.o (__aeabi_dmul)
c:/freescale/kds_v3/toolchain/bin/../lib/gcc/arm-none-eabi/4.8.4/armv6-m\libgcc.a(floatsidf.o)
                              ./Sources/DRIVER/DRIVER_ADC.o (__aeabi_i2d)
c:/freescale/kds_v3/toolchain/bin/../lib/gcc/arm-none-eabi/4.8.4/armv6-m\libgcc.a(truncdfsf2.o)
                              ./Sources/DRIVER/DRIVER_ADC.o (__aeabi_d2f)
c:/freescale/kds_v3/toolchain/bin/../lib/gcc/arm-none-eabi/4.8.4/armv6-m\libgcc.a(_clzsi2.o)
                              c:/freescale/kds_v3/toolchain/bin/../lib/gcc/arm-none-eabi/4.8.4/armv6-m\libgcc.a(divdf3.o) (__clzsi2)
c:/freescale/kds_v3/toolchain/bin/../lib/gcc/arm-none-eabi/4.8.4/../../../../arm-none-eabi/lib/armv6-m\libg_s.a(lib_a-exit.o)
                              c:/freescale/kds_v3/toolchain/bin/../lib/gcc/arm-none-eabi/4.8.4/../../../../arm-none-eabi/lib/armv6-m/crt0.o (exit)
c:/freescale/kds_v3/toolchain/bin/../lib/gcc/arm-none-eabi/4.8.4/../../../../arm-none-eabi/lib/armv6-m\libg_s.a(lib_a-impure.o)
                              c:/freescale/kds_v3/toolchain/bin/../lib/gcc/arm-none-eabi/4.8.4/../../../../arm-none-eabi/lib/armv6-m\libg_s.a(lib_a-exit.o) (_global_impure_ptr)
c:/freescale/kds_v3/toolchain/bin/../lib/gcc/arm-none-eabi/4.8.4/../../../../arm-none-eabi/lib/armv6-m\libg_s.a(lib_a-init.o)
                              c:/freescale/kds_v3/toolchain/bin/../lib/gcc/arm-none-eabi/4.8.4/../../../../arm-none-eabi/lib/armv6-m/crt0.o (__libc_init_array)
c:/freescale/kds_v3/toolchain/bin/../lib/gcc/arm-none-eabi/4.8.4/../../../../arm-none-eabi/lib/armv6-m\libg_s.a(lib_a-memset.o)
                              c:/freescale/kds_v3/toolchain/bin/../lib/gcc/arm-none-eabi/4.8.4/../../../../arm-none-eabi/lib/armv6-m/crt0.o (memset)
c:/freescale/kds_v3/toolchain/bin/../lib/gcc/arm-none-eabi/4.8.4/../../../../arm-none-eabi/lib/armv6-m\libg_s.a(lib_a-strcmp.o)
                              ./Sources/main.o (strcmp)
c:/freescale/kds_v3/toolchain/bin/../lib/gcc/arm-none-eabi/4.8.4/../../../../arm-none-eabi/lib/armv6-m\libnosys.a(_exit.o)
                              c:/freescale/kds_v3/toolchain/bin/../lib/gcc/arm-none-eabi/4.8.4/../../../../arm-none-eabi/lib/armv6-m\libg_s.a(lib_a-exit.o) (_exit)

Allocating common symbols
Common symbol       size              file

commandBuffer       0x100             ./Sources/main.o
swTimerArray        0xa0              ./Sources/DRIVER/DRIVER_Software_timer.o
adc_value           0x2               ./Sources/DRIVER/DRIVER_PORT.o

Discarded input sections

 .text          0x00000000        0x0 c:/freescale/kds_v3/toolchain/bin/../lib/gcc/arm-none-eabi/4.8.4/armv6-m/crti.o
 .data          0x00000000        0x0 c:/freescale/kds_v3/toolchain/bin/../lib/gcc/arm-none-eabi/4.8.4/armv6-m/crti.o
 .bss           0x00000000        0x0 c:/freescale/kds_v3/toolchain/bin/../lib/gcc/arm-none-eabi/4.8.4/armv6-m/crti.o
 .data          0x00000000        0x4 c:/freescale/kds_v3/toolchain/bin/../lib/gcc/arm-none-eabi/4.8.4/armv6-m/crtbegin.o
 .data          0x00000000        0x0 c:/freescale/kds_v3/toolchain/bin/../lib/gcc/arm-none-eabi/4.8.4/../../../../arm-none-eabi/lib/armv6-m/crt0.o
 .bss           0x00000000        0x0 c:/freescale/kds_v3/toolchain/bin/../lib/gcc/arm-none-eabi/4.8.4/../../../../arm-none-eabi/lib/armv6-m/crt0.o
 .ARM.extab     0x00000000        0x0 c:/freescale/kds_v3/toolchain/bin/../lib/gcc/arm-none-eabi/4.8.4/../../../../arm-none-eabi/lib/armv6-m/crt0.o
 .group         0x00000000        0x8 ./Sources/HAL/HAL_UART/HAL_UART_BDH.o
 .group         0x00000000        0x8 ./Sources/HAL/HAL_UART/HAL_UART_BDH.o
 .group         0x00000000        0x8 ./Sources/HAL/HAL_UART/HAL_UART_BDH.o
 .group         0x00000000        0x8 ./Sources/HAL/HAL_UART/HAL_UART_BDH.o
 .group         0x00000000        0x8 ./Sources/HAL/HAL_UART/HAL_UART_BDH.o
 .group         0x00000000        0x8 ./Sources/HAL/HAL_UART/HAL_UART_BDH.o
 .group         0x00000000        0x8 ./Sources/HAL/HAL_UART/HAL_UART_BDH.o
 .group         0x00000000        0x8 ./Sources/HAL/HAL_UART/HAL_UART_BDH.o
 .group         0x00000000        0x8 ./Sources/HAL/HAL_UART/HAL_UART_BDH.o
 .group         0x00000000        0x8 ./Sources/HAL/HAL_UART/HAL_UART_BDH.o
[...]
Memory Configuration

Name             Origin             Length             Attributes
m_interrupts     0x00000000         0x00000100         xr
m_flash_config   0x00000400         0x00000010         xr
m_text           0x00000410         0x0003fbf0         xr
m_data           0x1fffe000         0x00008000         rw
*default*        0x00000000         0xffffffff

Linker script and memory map

LOAD c:/freescale/kds_v3/toolchain/bin/../lib/gcc/arm-none-eabi/4.8.4/armv6-m/crti.o
LOAD c:/freescale/kds_v3/toolchain/bin/../lib/gcc/arm-none-eabi/4.8.4/armv6-m/crtbegin.o
LOAD c:/freescale/kds_v3/toolchain/bin/../lib/gcc/arm-none-eabi/4.8.4/../../../../arm-none-eabi/lib/armv6-m/crt0.o
LOAD ./Sources/HAL/HAL_UART/HAL_UART_BDH.o
LOAD ./Sources/HAL/HAL_UART/HAL_UART_BDL.o
LOAD ./Sources/HAL/HAL_UART/HAL_UART_C1.o
LOAD ./Sources/HAL/HAL_UART/HAL_UART_C2.o
LOAD ./Sources/HAL/HAL_UART/HAL_UART_D.o
LOAD ./Sources/HAL/HAL_UART/HAL_UART_S1.o
LOAD ./Sources/HAL/HAL_ADC.o
LOAD ./Sources/HAL/HAL_GPIO.o
LOAD ./Sources/HAL/HAL_NVIC.o
LOAD ./Sources/HAL/HAL_PIT.o
LOAD ./Sources/HAL/HAL_PORT.o
LOAD ./Sources/HAL/HAL_SIM.o
LOAD ./Sources/HAL/HAL_Systick.o
LOAD ./Sources/DRIVER/DRIVER_ADC.o
LOAD ./Sources/DRIVER/DRIVER_GPIO.o
LOAD ./Sources/DRIVER/DRIVER_NVIC.o
LOAD ./Sources/DRIVER/DRIVER_PIT.o
LOAD ./Sources/DRIVER/DRIVER_PORT.o
LOAD ./Sources/DRIVER/DRIVER_SIM.o
LOAD ./Sources/DRIVER/DRIVER_Software_timer.o
LOAD ./Sources/DRIVER/DRIVER_Systick.o
LOAD ./Sources/DRIVER/DRIVER_UART.o
LOAD ./Sources/DRIVER/DRIVER_UART_checkData.o
LOAD ./Sources/App/APP.o
LOAD ./Sources/main.o
LOAD ./Project_Settings/Startup_Code/startup_MKL46Z4.o
LOAD ./Project_Settings/Startup_Code/system_MKL46Z4.o
LOAD c:/freescale/kds_v3/toolchain/bin/../lib/gcc/arm-none-eabi/4.8.4/../../../../arm-none-eabi/lib/armv6-m\libstdc++_s.a
LOAD c:/freescale/kds_v3/toolchain/bin/../lib/gcc/arm-none-eabi/4.8.4/../../../../arm-none-eabi/lib/armv6-m\libm.a
START GROUP
LOAD c:/freescale/kds_v3/toolchain/bin/../lib/gcc/arm-none-eabi/4.8.4/armv6-m\libgcc.a
LOAD c:/freescale/kds_v3/toolchain/bin/../lib/gcc/arm-none-eabi/4.8.4/../../../../arm-none-eabi/lib/armv6-m\libg_s.a
LOAD c:/freescale/kds_v3/toolchain/bin/../lib/gcc/arm-none-eabi/4.8.4/../../../../arm-none-eabi/lib/armv6-m\libc_s.a
END GROUP
START GROUP
LOAD c:/freescale/kds_v3/toolchain/bin/../lib/gcc/arm-none-eabi/4.8.4/armv6-m\libgcc.a
LOAD c:/freescale/kds_v3/toolchain/bin/../lib/gcc/arm-none-eabi/4.8.4/../../../../arm-none-eabi/lib/armv6-m\libc_s.a
LOAD c:/freescale/kds_v3/toolchain/bin/../lib/gcc/arm-none-eabi/4.8.4/../../../../arm-none-eabi/lib/armv6-m\libnosys.a
END GROUP
START GROUP
LOAD c:/freescale/kds_v3/toolchain/bin/../lib/gcc/arm-none-eabi/4.8.4/armv6-m\libgcc.a
LOAD c:/freescale/kds_v3/toolchain/bin/../lib/gcc/arm-none-eabi/4.8.4/../../../../arm-none-eabi/lib/armv6-m\libc_s.a
LOAD c:/freescale/kds_v3/toolchain/bin/../lib/gcc/arm-none-eabi/4.8.4/../../../../arm-none-eabi/lib/armv6-m\libnosys.a
END GROUP
LOAD c:/freescale/kds_v3/toolchain/bin/../lib/gcc/arm-none-eabi/4.8.4/armv6-m/crtend.o
LOAD c:/freescale/kds_v3/toolchain/bin/../lib/gcc/arm-none-eabi/4.8.4/armv6-m/crtn.o
                0x00000400                HEAP_SIZE = DEFINED (__heap_size__)?__heap_size__:0x400
                0x00000400                STACK_SIZE = DEFINED (__stack_size__)?__stack_size__:0x400

.interrupts     0x00000000       0xc0
                0x00000000                __VECTOR_TABLE = .
                0x00000000                . = ALIGN (0x4)
 *(.isr_vector)
 .isr_vector    0x00000000       0xc0 ./Project_Settings/Startup_Code/startup_MKL46Z4.o
                0x00000000                __isr_vector
                0x000000c0                . = ALIGN (0x4)

.flash_config   0x00000400       0x10
                0x00000400                . = ALIGN (0x4)
 *(.FlashConfig)
 .FlashConfig   0x00000400       0x10 ./Project_Settings/Startup_Code/startup_MKL46Z4.o
                0x00000410                . = ALIGN (0x4)

.text           0x00000410      0xd58
                0x00000410                . = ALIGN (0x4)
 *(.text)
 .text          0x00000410       0x60 c:/freescale/kds_v3/toolchain/bin/../lib/gcc/arm-none-eabi/4.8.4/armv6-m/crtbegin.o
 .text          0x00000470       0x78 c:/freescale/kds_v3/toolchain/bin/../lib/gcc/arm-none-eabi/4.8.4/../../../../arm-none-eabi/lib/armv6-m/crt0.o
                0x00000470                _start
                0x00000470                _mainCRTStartup
 .text          0x000004e8       0x34 ./Project_Settings/Startup_Code/startup_MKL46Z4.o
                0x000004e8                Reset_Handler
                0x00000514                HardFault_Handler
                0x00000514                PendSV_Handler
                0x00000514                NMI_Handler
                0x00000514                PORTC_PORTD_IRQHandler
                0x00000514                I2C1_IRQHandler
                0x00000514                UART1_IRQHandler
                0x00000514                DMA2_IRQHandler
                0x00000514                TPM0_IRQHandler
                0x00000514                I2S0_IRQHandler
                0x00000514                LLWU_IRQHandler
                0x00000514                TSI0_IRQHandler
                0x00000514                SPI1_IRQHandler
                0x00000514                DefaultISR
                0x00000514                TPM2_IRQHandler
                0x00000514                RTC_IRQHandler
                0x00000514                I2C0_IRQHandler
                0x00000514                LCD_IRQHandler
                0x00000514                RTC_Seconds_IRQHandler
                0x00000514                MCG_IRQHandler
                0x00000514                UART2_IRQHandler
                0x00000514                Reserved20_IRQHandler
                0x00000514                USB0_IRQHandler
                0x00000514                SVC_Handler
                0x00000514                DMA3_IRQHandler
                0x00000514                DMA0_IRQHandler
                0x00000514                DAC0_IRQHandler
                0x00000514                TPM1_IRQHandler
                0x00000514                LVD_LVW_IRQHandler
                0x00000514                SPI0_IRQHandler
                0x00000514                PORTA_IRQHandler
                0x00000514                FTFA_IRQHandler
                0x00000514                LPTMR0_IRQHandler
                0x00000514                CMP0_IRQHandler
                0x00000514                DMA1_IRQHandler
 .text          0x0000051c       0x14 c:/freescale/kds_v3/toolchain/bin/../lib/gcc/arm-none-eabi/4.8.4/../../../../arm-none-eabi/lib/armv6-m\libg_s.a(lib_a-strcmp.o)
                0x0000051c                strcmp
 *(.text*)
 .text.HAL_UART_BDH_SBR
                0x00000530       0x28 ./Sources/HAL/HAL_UART/HAL_UART_BDH.o
                0x00000530                HAL_UART_BDH_SBR
 .text.HAL_UART_BDL_SBR
                0x00000558       0x20 ./Sources/HAL/HAL_UART/HAL_UART_BDL.o
                0x00000558                HAL_UART_BDL_SBR
 .text.HAL_UART_C2_RIE
                0x00000578       0x30 ./Sources/HAL/HAL_UART/HAL_UART_C2.o
                0x00000578                HAL_UART_C2_RIE
 .text.HAL_UART_C2_TE
                0x000005a8       0x30 ./Sources/HAL/HAL_UART/HAL_UART_C2.o
                0x000005a8                HAL_UART_C2_TE
 .text.HAL_UART_C2_RE
                0x000005d8       0x30 ./Sources/HAL/HAL_UART/HAL_UART_C2.o
                0x000005d8                HAL_UART_C2_RE
 .text.HAL_ADC0_dataReturn
                0x00000608       0x14 ./Sources/HAL/HAL_ADC.o
                0x00000608                HAL_ADC0_dataReturn
 .text.HAL_GPIO_Init
                0x0000061c       0x4c ./Sources/HAL/HAL_GPIO.o
                0x0000061c                HAL_GPIO_Init
 .text.HAL_GPIO_WritePin
                0x00000668       0x4c ./Sources/HAL/HAL_GPIO.o
                0x00000668                HAL_GPIO_WritePin
 .text.NVIC_EnableIRQ
                0x000006b4       0x2c ./Sources/HAL/HAL_NVIC.o
 .text.HAL_EnableIRQ
                0x000006e0       0x20 ./Sources/HAL/HAL_NVIC.o
                0x000006e0                HAL_EnableIRQ
 .text.HAL_PIT_timer_clear_flag
                0x00000700       0x40 ./Sources/HAL/HAL_PIT.o
                0x00000700                HAL_PIT_timer_clear_flag
 .text.HAL_PIT_timer_flag_isSet
                0x00000740       0x34 ./Sources/HAL/HAL_PIT.o
                0x00000740                HAL_PIT_timer_flag_isSet
 .text.HAL_PORT_Init
                0x00000774       0x48 ./Sources/HAL/HAL_PORT.o
                0x00000774                HAL_PORT_Init
 .text.HAL_SIM_SOPT2_EnableClock
                0x000007bc       0x28 ./Sources/HAL/HAL_SIM.o
                0x000007bc                HAL_SIM_SOPT2_EnableClock
 .text.HAL_SIM_SCGC4_EnableClock
                0x000007e4       0x28 ./Sources/HAL/HAL_SIM.o
                0x000007e4                HAL_SIM_SCGC4_EnableClock
 .text.HAL_SIM_SCGC5_EnableClock
                0x0000080c       0x2c ./Sources/HAL/HAL_SIM.o
                0x0000080c                HAL_SIM_SCGC5_EnableClock
 .text.DRIVER_GPIO_Init
                0x00000838       0x28 ./Sources/DRIVER/DRIVER_GPIO.o
                0x00000838                DRIVER_GPIO_Init
 .text.DRIVER_GPIO_WritePin
                0x00000860       0x28 ./Sources/DRIVER/DRIVER_GPIO.o
                0x00000860                DRIVER_GPIO_WritePin
 .text.DRIVER_NVIC_EnableIRQ
                0x00000888       0x20 ./Sources/DRIVER/DRIVER_NVIC.o
                0x00000888                DRIVER_NVIC_EnableIRQ
 .text.PIT_IRQHandler
                0x000008a8       0x5c ./Sources/DRIVER/DRIVER_NVIC.o
                0x000008a8                PIT_IRQHandler
 .text.DRIVER_PIT_timer_clear_flag
                0x00000904       0x1c ./Sources/DRIVER/DRIVER_PIT.o
                0x00000904                DRIVER_PIT_timer_clear_flag
 .text.DRIVER_PIT_timer_flag_isSet
                0x00000920       0x20 ./Sources/DRIVER/DRIVER_PIT.o
                0x00000920                DRIVER_PIT_timer_flag_isSet
 .text.DRIVER_PORT_Init
                0x00000940       0x28 ./Sources/DRIVER/DRIVER_PORT.o
                0x00000940                DRIVER_PORT_Init
 .text.ADC0_IRQHandler
                0x00000968       0x18 ./Sources/DRIVER/DRIVER_PORT.o
                0x00000968                ADC0_IRQHandler
 .text.DRIVER_SIM_SOPT2_EnableClock
                0x00000980       0x18 ./Sources/DRIVER/DRIVER_SIM.o
                0x00000980                DRIVER_SIM_SOPT2_EnableClock
 .text.DRIVER_SIM_SCGC4_EnableClock
                0x00000998       0x18 ./Sources/DRIVER/DRIVER_SIM.o
                0x00000998                DRIVER_SIM_SCGC4_EnableClock
 .text.DRIVER_SIM_SCGC5_EnableClock
                0x000009b0       0x1c ./Sources/DRIVER/DRIVER_SIM.o
                0x000009b0                DRIVER_SIM_SCGC5_EnableClock
 .text.SysTick_Handler
                0x000009cc       0x2c ./Sources/DRIVER/DRIVER_Systick.o
                0x000009cc                SysTick_Handler
 .text.DRIVER_UART_BDH
                0x000009f8       0x24 ./Sources/DRIVER/DRIVER_UART.o
                0x000009f8                DRIVER_UART_BDH
 .text.DRIVER_UART_BDL
                0x00000a1c       0x24 ./Sources/DRIVER/DRIVER_UART.o
                0x00000a1c                DRIVER_UART_BDL
 .text.DRIVER_UART_C2
                0x00000a40       0x34 ./Sources/DRIVER/DRIVER_UART.o
                0x00000a40                DRIVER_UART_C2
 .text.Init_LED_Green
                0x00000a74       0x44 ./Sources/App/APP.o
                0x00000a74                Init_LED_Green
 .text.Init_LED_Red
                0x00000ab8       0x44 ./Sources/App/APP.o
                0x00000ab8                Init_LED_Red
 .text.init_clk_and_pin_UART0
                0x00000afc       0x50 ./Sources/main.o
                0x00000afc                init_clk_and_pin_UART0
 .text.init_UART0
                0x00000b4c       0x48 ./Sources/main.o
                0x00000b4c                init_UART0
 .text.send_bytes
                0x00000b94       0x30 ./Sources/main.o
                0x00000b94                send_bytes
 .text.send_string
                0x00000bc4       0x28 ./Sources/main.o
                0x00000bc4                send_string
 .text.UART0_GetChar
                0x00000bec       0x28 ./Sources/main.o
                0x00000bec                UART0_GetChar
 .text.get_string
                0x00000c14       0x58 ./Sources/main.o
                0x00000c14                get_string
 .text.process_command
                0x00000c6c      0x1c0 ./Sources/main.o
                0x00000c6c                process_command
 .text.UART0_IRQHandler
                0x00000e2c       0x24 ./Sources/main.o
                0x00000e2c                UART0_IRQHandler
 .text.main     0x00000e50       0x6c ./Sources/main.o
                0x00000e50                main
 .text.SystemInit
                0x00000ebc       0x18 ./Project_Settings/Startup_Code/system_MKL46Z4.o
                0x00000ebc                SystemInit
 .text.exit     0x00000ed4       0x2c c:/freescale/kds_v3/toolchain/bin/../lib/gcc/arm-none-eabi/4.8.4/../../../../arm-none-eabi/lib/armv6-m\libg_s.a(lib_a-exit.o)
                0x00000ed4                exit
 .text.__libc_init_array
                0x00000f00       0x4c c:/freescale/kds_v3/toolchain/bin/../lib/gcc/arm-none-eabi/4.8.4/../../../../arm-none-eabi/lib/armv6-m\libg_s.a(lib_a-init.o)
                0x00000f00                __libc_init_array
 .text.memset   0x00000f4c       0x10 c:/freescale/kds_v3/toolchain/bin/../lib/gcc/arm-none-eabi/4.8.4/../../../../arm-none-eabi/lib/armv6-m\libg_s.a(lib_a-memset.o)
                0x00000f4c                memset
 .text._exit    0x00000f5c        0x4 c:/freescale/kds_v3/toolchain/bin/../lib/gcc/arm-none-eabi/4.8.4/../../../../arm-none-eabi/lib/armv6-m\libnosys.a(_exit.o)
                0x00000f5c                _exit
 *(.rodata)
 .rodata        0x00000f60      0x1e8 ./Sources/main.o
 *(.rodata*)
 .rodata.str1.1
                0x00001148        0x2 c:/freescale/kds_v3/toolchain/bin/../lib/gcc/arm-none-eabi/4.8.4/../../../../arm-none-eabi/lib/armv6-m\libg_s.a(lib_a-impure.o)
 *fill*         0x0000114a        0x2 
 .rodata._global_impure_ptr
                0x0000114c        0x4 c:/freescale/kds_v3/toolchain/bin/../lib/gcc/arm-none-eabi/4.8.4/../../../../arm-none-eabi/lib/armv6-m\libg_s.a(lib_a-impure.o)
                0x0000114c                _global_impure_ptr
 *(.glue_7)
 .glue_7        0x00000000        0x0 linker stubs
 *(.glue_7t)
 .glue_7t       0x00000000        0x0 linker stubs
 *(.eh_frame)
 .eh_frame      0x00001150        0x0 c:/freescale/kds_v3/toolchain/bin/../lib/gcc/arm-none-eabi/4.8.4/armv6-m/crtbegin.o
 *(.init)
 .init          0x00001150        0x4 c:/freescale/kds_v3/toolchain/bin/../lib/gcc/arm-none-eabi/4.8.4/armv6-m/crti.o
                0x00001150                _init
 .init          0x00001154        0x8 c:/freescale/kds_v3/toolchain/bin/../lib/gcc/arm-none-eabi/4.8.4/armv6-m/crtn.o
 *(.fini)
 .fini          0x0000115c        0x4 c:/freescale/kds_v3/toolchain/bin/../lib/gcc/arm-none-eabi/4.8.4/armv6-m/crti.o
                0x0000115c                _fini
 .fini          0x00001160        0x8 c:/freescale/kds_v3/toolchain/bin/../lib/gcc/arm-none-eabi/4.8.4/armv6-m/crtn.o
                0x00001168                . = ALIGN (0x4)

.vfp11_veneer   0x00001168        0x0
 .vfp11_veneer  0x00000000        0x0 linker stubs

.v4_bx          0x00001168        0x0
 .v4_bx         0x00000000        0x0 linker stubs

.iplt           0x00001168        0x0
 .iplt          0x00000000        0x0 c:/freescale/kds_v3/toolchain/bin/../lib/gcc/arm-none-eabi/4.8.4/armv6-m/crtbegin.o

.ARM.extab
 *(.ARM.extab* .gnu.linkonce.armextab.*)

.ARM            0x00001168        0x8
                0x00001168                __exidx_start = .
 *(.ARM.exidx*)
 .ARM.exidx     0x00001168        0x8 c:/freescale/kds_v3/toolchain/bin/../lib/gcc/arm-none-eabi/4.8.4/../../../../arm-none-eabi/lib/armv6-m/crt0.o
                0x00001170                __exidx_end = .

.rel.dyn        0x00001170        0x0
 .rel.iplt      0x00000000        0x0 c:/freescale/kds_v3/toolchain/bin/../lib/gcc/arm-none-eabi/4.8.4/armv6-m/crtbegin.o

.ctors          0x00001170        0x0
                0x00001170                __CTOR_LIST__ = .
 *crtbegin.o(.ctors)
 *crtbegin?.o(.ctors)
 *(EXCLUDE_FILE(*crtend.o *crtend?.o) .ctors)
 *(SORT(.ctors.*))
 *(.ctors)
                0x00001170                __CTOR_END__ = .

.dtors          0x00001170        0x0
                0x00001170                __DTOR_LIST__ = .
 *crtbegin.o(.dtors)
 *crtbegin?.o(.dtors)
 *(EXCLUDE_FILE(*crtend.o *crtend?.o) .dtors)
 *(SORT(.dtors.*))
 *(.dtors)
                0x00001170                __DTOR_END__ = .

.preinit_array  0x00001170        0x0
                0x00001170                PROVIDE (__preinit_array_start, .)
 *(.preinit_array*)
                0x00001170                PROVIDE (__preinit_array_end, .)

.init_array     0x00001170        0x4
                0x00001170                PROVIDE (__init_array_start, .)
 *(SORT(.init_array.*))
 *(.init_array*)
 .init_array    0x00001170        0x4 c:/freescale/kds_v3/toolchain/bin/../lib/gcc/arm-none-eabi/4.8.4/armv6-m/crtbegin.o
                0x00001174                PROVIDE (__init_array_end, .)

.fini_array     0x00001174        0x4
                0x00001174                PROVIDE (__fini_array_start, .)
 *(SORT(.fini_array.*))
 *(.fini_array*)
 .fini_array    0x00001174        0x4 c:/freescale/kds_v3/toolchain/bin/../lib/gcc/arm-none-eabi/4.8.4/armv6-m/crtbegin.o
                0x00001178                PROVIDE (__fini_array_end, .)
                0x00001178                __etext = .
                0x00001178                __DATA_ROM = .

.mtb            0x1fffe000        0x0
                0x1fffe000                . = ALIGN (0x8)
                0x1fffe000                _mtb_start = .
 *(.mtb_buf)
                0x1fffe000                . = ALIGN (0x8)
                0x1fffe000                _mtb_end = .

.data           0x1fffe000       0x64 load address 0x00001178
                0x1fffe000                . = ALIGN (0x4)
                0x1fffe000                __DATA_RAM = .
                0x1fffe000                __data_start__ = .
 *(.data)
 *(.data*)
 .data.impure_data
                0x1fffe000       0x60 c:/freescale/kds_v3/toolchain/bin/../lib/gcc/arm-none-eabi/4.8.4/../../../../arm-none-eabi/lib/armv6-m\libg_s.a(lib_a-impure.o)
 *(.jcr*)
 .jcr           0x1fffe060        0x0 c:/freescale/kds_v3/toolchain/bin/../lib/gcc/arm-none-eabi/4.8.4/armv6-m/crtbegin.o
 .jcr           0x1fffe060        0x4 c:/freescale/kds_v3/toolchain/bin/../lib/gcc/arm-none-eabi/4.8.4/armv6-m/crtend.o
                0x1fffe064                . = ALIGN (0x4)
                0x1fffe064                __data_end__ = .
                0x000011dc                __DATA_END = (__DATA_ROM + (__data_end__ - __data_start__))

.igot.plt       0x1fffe064        0x0 load address 0x000011dc
 .igot.plt      0x00000000        0x0 c:/freescale/kds_v3/toolchain/bin/../lib/gcc/arm-none-eabi/4.8.4/armv6-m/crtbegin.o

.bss            0x1fffe064      0x128 load address 0x000011dc
                0x1fffe064                . = ALIGN (0x4)
                0x1fffe064                __START_BSS = .
                0x1fffe064                __bss_start__ = .
 *(.bss)
 .bss           0x1fffe064       0x1c c:/freescale/kds_v3/toolchain/bin/../lib/gcc/arm-none-eabi/4.8.4/armv6-m/crtbegin.o
 *(.bss*)
 .bss.PIT0_callback
                0x1fffe080        0x4 ./Sources/DRIVER/DRIVER_NVIC.o
                0x1fffe080                PIT0_callback
 .bss.PIT1_callback
                0x1fffe084        0x4 ./Sources/DRIVER/DRIVER_NVIC.o
                0x1fffe084                PIT1_callback
 .bss.PIT0_interruptFlag
                0x1fffe088        0x1 ./Sources/DRIVER/DRIVER_NVIC.o
                0x1fffe088                PIT0_interruptFlag
 .bss.countFlag
                0x1fffe089        0x1 ./Sources/DRIVER/DRIVER_Systick.o
                0x1fffe089                countFlag
 *(COMMON)
 COMMON         0x1fffe08a        0x2 ./Sources/DRIVER/DRIVER_PORT.o
                0x1fffe08a                adc_value
 COMMON         0x1fffe08c      0x100 ./Sources/main.o
                0x1fffe08c                commandBuffer
                0x1fffe18c                . = ALIGN (0x4)
                0x1fffe18c                __bss_end__ = .
                0x1fffe18c                __END_BSS = .

.heap           0x1fffe18c      0x404 load address 0x00001304
                0x1fffe190                . = ALIGN (0x8)
 *fill*         0x1fffe18c        0x4 
                0x1fffe190                __end__ = .
                0x1fffe190                PROVIDE (end, .)
                0x1fffe190                __HeapBase = .
                0x1fffe590                . = (. + HEAP_SIZE)
 *fill*         0x1fffe190      0x400 
                0x1fffe590                __HeapLimit = .

.stack          0x1fffe590      0x400 load address 0x00001708
                0x1fffe590                . = ALIGN (0x8)
                0x1fffe990                . = (. + STACK_SIZE)
 *fill*         0x1fffe590      0x400 
                0x20006000                __StackTop = (ORIGIN (m_data) + 0x8000)
                0x20005c00                __StackLimit = (__StackTop - STACK_SIZE)
                0x20006000                PROVIDE (__stack, __StackTop)

.ARM.attributes
                0x00000000       0x28
 *(.ARM.attributes)
 .ARM.attributes
                0x00000000       0x1e c:/freescale/kds_v3/toolchain/bin/../lib/gcc/arm-none-eabi/4.8.4/armv6-m/crti.o
 .ARM.attributes
                0x0000001e       0x2c c:/freescale/kds_v3/toolchain/bin/../lib/gcc/arm-none-eabi/4.8.4/armv6-m/crtbegin.o
 .ARM.attributes
                0x0000004a       0x1b c:/freescale/kds_v3/toolchain/bin/../lib/gcc/arm-none-eabi/4.8.4/../../../../arm-none-eabi/lib/armv6-m/crt0.o
 .ARM.attributes
                0x00000065       0x32 ./Sources/HAL/HAL_UART/HAL_UART_BDH.o
 .ARM.attributes
                0x00000097       0x32 ./Sources/HAL/HAL_UART/HAL_UART_BDL.o
 .ARM.attributes
                0x000000c9       0x32 ./Sources/HAL/HAL_UART/HAL_UART_C2.o
 .ARM.attributes
                0x000000fb       0x32 ./Sources/HAL/HAL_ADC.o
 .ARM.attributes
                0x0000012d       0x32 ./Sources/HAL/HAL_GPIO.o
 .ARM.attributes
                0x0000015f       0x32 ./Sources/HAL/HAL_NVIC.o
 .ARM.attributes
                0x00000191       0x32 ./Sources/HAL/HAL_PIT.o
 .ARM.attributes
                0x000001c3       0x32 ./Sources/HAL/HAL_PORT.o
 .ARM.attributes
                0x000001f5       0x32 ./Sources/HAL/HAL_SIM.o
 .ARM.attributes
                0x00000227       0x32 ./Sources/DRIVER/DRIVER_GPIO.o
 .ARM.attributes
                0x00000259       0x32 ./Sources/DRIVER/DRIVER_NVIC.o
 .ARM.attributes
                0x0000028b       0x32 ./Sources/DRIVER/DRIVER_PIT.o
 .ARM.attributes
                0x000002bd       0x32 ./Sources/DRIVER/DRIVER_PORT.o
 .ARM.attributes
                0x000002ef       0x32 ./Sources/DRIVER/DRIVER_SIM.o
 .ARM.attributes
                0x00000321       0x32 ./Sources/DRIVER/DRIVER_Systick.o
 .ARM.attributes
                0x00000353       0x32 ./Sources/DRIVER/DRIVER_UART.o
 .ARM.attributes
                0x00000385       0x32 ./Sources/App/APP.o
 .ARM.attributes
                0x000003b7       0x32 ./Sources/main.o
 .ARM.attributes
                0x000003e9       0x1b ./Project_Settings/Startup_Code/startup_MKL46Z4.o
 .ARM.attributes
                0x00000404       0x32 ./Project_Settings/Startup_Code/system_MKL46Z4.o
 .ARM.attributes
                0x00000436       0x2c c:/freescale/kds_v3/toolchain/bin/../lib/gcc/arm-none-eabi/4.8.4/../../../../arm-none-eabi/lib/armv6-m\libg_s.a(lib_a-exit.o)
 .ARM.attributes
                0x00000462       0x2c c:/freescale/kds_v3/toolchain/bin/../lib/gcc/arm-none-eabi/4.8.4/../../../../arm-none-eabi/lib/armv6-m\libg_s.a(lib_a-impure.o)
 .ARM.attributes
                0x0000048e       0x2c c:/freescale/kds_v3/toolchain/bin/../lib/gcc/arm-none-eabi/4.8.4/../../../../arm-none-eabi/lib/armv6-m\libg_s.a(lib_a-init.o)
 .ARM.attributes
                0x000004ba       0x2c c:/freescale/kds_v3/toolchain/bin/../lib/gcc/arm-none-eabi/4.8.4/../../../../arm-none-eabi/lib/armv6-m\libg_s.a(lib_a-memset.o)
 .ARM.attributes
                0x000004e6       0x1c c:/freescale/kds_v3/toolchain/bin/../lib/gcc/arm-none-eabi/4.8.4/../../../../arm-none-eabi/lib/armv6-m\libg_s.a(lib_a-strcmp.o)
 .ARM.attributes
                0x00000502       0x2c c:/freescale/kds_v3/toolchain/bin/../lib/gcc/arm-none-eabi/4.8.4/../../../../arm-none-eabi/lib/armv6-m\libnosys.a(_exit.o)
 .ARM.attributes
                0x0000052e       0x2c c:/freescale/kds_v3/toolchain/bin/../lib/gcc/arm-none-eabi/4.8.4/armv6-m/crtend.o
 .ARM.attributes
                0x0000055a       0x1e c:/freescale/kds_v3/toolchain/bin/../lib/gcc/arm-none-eabi/4.8.4/armv6-m/crtn.o
                0x00000001                ASSERT ((__StackLimit >= __HeapLimit), region m_data overflowed with stack and heap)
OUTPUT(HuynhDucQuangVinh_MCUASM7.elf elf32-littlearm)

.debug_info     0x00000000     0x3d65
 .debug_info    0x00000000      0x24d ./Sources/HAL/HAL_UART/HAL_UART_BDH.o
 .debug_info    0x0000024d      0x168 ./Sources/HAL/HAL_UART/HAL_UART_BDL.o
 .debug_info    0x000003b5      0x381 ./Sources/HAL/HAL_UART/HAL_UART_C2.o
 .debug_info    0x00000736      0x3e2 ./Sources/HAL/HAL_ADC.o
 .debug_info    0x00000b18      0x219 ./Sources/HAL/HAL_GPIO.o
 .debug_info    0x00000d31      0x3fd ./Sources/HAL/HAL_NVIC.o
 .debug_info    0x0000112e      0x35b ./Sources/HAL/HAL_PIT.o
 .debug_info    0x00001489      0x351 ./Sources/HAL/HAL_PORT.o
 .debug_info    0x000017da      0x41f ./Sources/HAL/HAL_SIM.o
 .debug_info    0x00001bf9      0x1da ./Sources/DRIVER/DRIVER_GPIO.o
 .debug_info    0x00001dd3      0x2a8 ./Sources/DRIVER/DRIVER_NVIC.o
 .debug_info    0x0000207b      0x288 ./Sources/DRIVER/DRIVER_PIT.o
 .debug_info    0x00002303      0x3a3 ./Sources/DRIVER/DRIVER_PORT.o
 .debug_info    0x000026a6      0x27d ./Sources/DRIVER/DRIVER_SIM.o
 .debug_info    0x00002923      0x211 ./Sources/DRIVER/DRIVER_Systick.o
 .debug_info    0x00002b34      0x234 ./Sources/DRIVER/DRIVER_UART.o
 .debug_info    0x00002d68      0x524 ./Sources/App/APP.o
 .debug_info    0x0000328c      0x640 ./Sources/main.o
 .debug_info    0x000038cc       0xab ./Project_Settings/Startup_Code/startup_MKL46Z4.o
 .debug_info    0x00003977      0x3ee ./Project_Settings/Startup_Code/system_MKL46Z4.o

.debug_abbrev   0x00000000     0x133d
 .debug_abbrev  0x00000000       0xe2 ./Sources/HAL/HAL_UART/HAL_UART_BDH.o
 .debug_abbrev  0x000000e2       0xb2 ./Sources/HAL/HAL_UART/HAL_UART_BDL.o
 .debug_abbrev  0x00000194       0xd3 ./Sources/HAL/HAL_UART/HAL_UART_C2.o
 .debug_abbrev  0x00000267      0x105 ./Sources/HAL/HAL_ADC.o
 .debug_abbrev  0x0000036c       0xef ./Sources/HAL/HAL_GPIO.o
 .debug_abbrev  0x0000045b      0x13d ./Sources/HAL/HAL_NVIC.o
 .debug_abbrev  0x00000598      0x10b ./Sources/HAL/HAL_PIT.o
 .debug_abbrev  0x000006a3      0x125 ./Sources/HAL/HAL_PORT.o
 .debug_abbrev  0x000007c8       0xf4 ./Sources/HAL/HAL_SIM.o
 .debug_abbrev  0x000008bc       0xe0 ./Sources/DRIVER/DRIVER_GPIO.o
 .debug_abbrev  0x0000099c       0xce ./Sources/DRIVER/DRIVER_NVIC.o
 .debug_abbrev  0x00000a6a       0x97 ./Sources/DRIVER/DRIVER_PIT.o
 .debug_abbrev  0x00000b01      0x146 ./Sources/DRIVER/DRIVER_PORT.o
 .debug_abbrev  0x00000c47       0x93 ./Sources/DRIVER/DRIVER_SIM.o
 .debug_abbrev  0x00000cda      0x167 ./Sources/DRIVER/DRIVER_Systick.o
 .debug_abbrev  0x00000e41       0xe2 ./Sources/DRIVER/DRIVER_UART.o
 .debug_abbrev  0x00000f23      0x14d ./Sources/App/APP.o
 .debug_abbrev  0x00001070      0x1b0 ./Sources/main.o
 .debug_abbrev  0x00001220       0x14 ./Project_Settings/Startup_Code/startup_MKL46Z4.o
 .debug_abbrev  0x00001234      0x109 ./Project_Settings/Startup_Code/system_MKL46Z4.o

.debug_aranges  0x00000000      0x4a0
 .debug_aranges
                0x00000000       0x38 ./Sources/HAL/HAL_UART/HAL_UART_BDH.o
 .debug_aranges
                0x00000038       0x20 ./Sources/HAL/HAL_UART/HAL_UART_BDL.o
 .debug_aranges
                0x00000058       0x58 ./Sources/HAL/HAL_UART/HAL_UART_C2.o
 .debug_aranges
                0x000000b0       0x38 ./Sources/HAL/HAL_ADC.o
 .debug_aranges
                0x000000e8       0x30 ./Sources/HAL/HAL_GPIO.o
 .debug_aranges
                0x00000118       0x38 ./Sources/HAL/HAL_NVIC.o
 .debug_aranges
                0x00000150       0x48 ./Sources/HAL/HAL_PIT.o
 .debug_aranges
                0x00000198       0x48 ./Sources/HAL/HAL_PORT.o
 .debug_aranges
                0x000001e0       0x38 ./Sources/HAL/HAL_SIM.o
 .debug_aranges
                0x00000218       0x30 ./Sources/DRIVER/DRIVER_GPIO.o
 .debug_aranges
                0x00000248       0x40 ./Sources/DRIVER/DRIVER_NVIC.o
 .debug_aranges
                0x00000288       0x48 ./Sources/DRIVER/DRIVER_PIT.o
 .debug_aranges
                0x000002d0       0x50 ./Sources/DRIVER/DRIVER_PORT.o
 .debug_aranges
                0x00000320       0x38 ./Sources/DRIVER/DRIVER_SIM.o
 .debug_aranges
                0x00000358       0x38 ./Sources/DRIVER/DRIVER_Systick.o
 .debug_aranges
                0x00000390       0x30 ./Sources/DRIVER/DRIVER_UART.o
 .debug_aranges
                0x000003c0       0x38 ./Sources/App/APP.o
 .debug_aranges
                0x000003f8       0x60 ./Sources/main.o
 .debug_aranges
                0x00000458       0x20 ./Project_Settings/Startup_Code/startup_MKL46Z4.o
 .debug_aranges
                0x00000478       0x28 ./Project_Settings/Startup_Code/system_MKL46Z4.o

.debug_ranges   0x00000000      0x350
 .debug_ranges  0x00000000       0x28 ./Sources/HAL/HAL_UART/HAL_UART_BDH.o
 .debug_ranges  0x00000028       0x10 ./Sources/HAL/HAL_UART/HAL_UART_BDL.o
 .debug_ranges  0x00000038       0x48 ./Sources/HAL/HAL_UART/HAL_UART_C2.o
 .debug_ranges  0x00000080       0x28 ./Sources/HAL/HAL_ADC.o
 .debug_ranges  0x000000a8       0x20 ./Sources/HAL/HAL_GPIO.o
 .debug_ranges  0x000000c8       0x28 ./Sources/HAL/HAL_NVIC.o
 .debug_ranges  0x000000f0       0x38 ./Sources/HAL/HAL_PIT.o
 .debug_ranges  0x00000128       0x38 ./Sources/HAL/HAL_PORT.o
 .debug_ranges  0x00000160       0x28 ./Sources/HAL/HAL_SIM.o
 .debug_ranges  0x00000188       0x20 ./Sources/DRIVER/DRIVER_GPIO.o
 .debug_ranges  0x000001a8       0x30 ./Sources/DRIVER/DRIVER_NVIC.o
 .debug_ranges  0x000001d8       0x38 ./Sources/DRIVER/DRIVER_PIT.o
 .debug_ranges  0x00000210       0x40 ./Sources/DRIVER/DRIVER_PORT.o
 .debug_ranges  0x00000250       0x28 ./Sources/DRIVER/DRIVER_SIM.o
 .debug_ranges  0x00000278       0x28 ./Sources/DRIVER/DRIVER_Systick.o
 .debug_ranges  0x000002a0       0x20 ./Sources/DRIVER/DRIVER_UART.o
 .debug_ranges  0x000002c0       0x28 ./Sources/App/APP.o
 .debug_ranges  0x000002e8       0x50 ./Sources/main.o
 .debug_ranges  0x00000338       0x18 ./Project_Settings/Startup_Code/system_MKL46Z4.o

.debug_macro    0x00000000     0xf9ac
 .debug_macro   0x00000000       0x8d ./Sources/HAL/HAL_UART/HAL_UART_BDH.o
 .debug_macro   0x0000008d      0x802 ./Sources/HAL/HAL_UART/HAL_UART_BDH.o
 .debug_macro   0x0000088f       0x16 ./Sources/HAL/HAL_UART/HAL_UART_BDH.o
 .debug_macro   0x000008a5       0x16 ./Sources/HAL/HAL_UART/HAL_UART_BDH.o
 .debug_macro   0x000008bb       0x44 ./Sources/HAL/HAL_UART/HAL_UART_BDH.o
 .debug_macro   0x000008ff      0x209 ./Sources/HAL/HAL_UART/HAL_UART_BDH.o
 .debug_macro   0x00000b08       0x3a ./Sources/HAL/HAL_UART/HAL_UART_BDH.o
 .debug_macro   0x00000b42       0x3a ./Sources/HAL/HAL_UART/HAL_UART_BDH.o
 .debug_macro   0x00000b7c       0x26 ./Sources/HAL/HAL_UART/HAL_UART_BDH.o
 .debug_macro   0x00000ba2      0x306 ./Sources/HAL/HAL_UART/HAL_UART_BDH.o
 .debug_macro   0x00000ea8       0x6b ./Sources/HAL/HAL_UART/HAL_UART_BDH.o
 .debug_macro   0x00000f13     0xd132 ./Sources/HAL/HAL_UART/HAL_UART_BDH.o
 .debug_macro   0x0000e045       0x8d ./Sources/HAL/HAL_UART/HAL_UART_BDL.o
 .debug_macro   0x0000e0d2       0x8d ./Sources/HAL/HAL_UART/HAL_UART_C2.o
 .debug_macro   0x0000e15f       0x96 ./Sources/HAL/HAL_ADC.o
 .debug_macro   0x0000e1f5       0x9b ./Sources/HAL/HAL_GPIO.o
 .debug_macro   0x0000e290       0x95 ./Sources/HAL/HAL_NVIC.o
 .debug_macro   0x0000e325       0x96 ./Sources/HAL/HAL_PIT.o
 .debug_macro   0x0000e3bb       0x8d ./Sources/HAL/HAL_PORT.o
 .debug_macro   0x0000e448       0x8d ./Sources/HAL/HAL_SIM.o
 .debug_macro   0x0000e4d5       0xa9 ./Sources/DRIVER/DRIVER_GPIO.o
 .debug_macro   0x0000e57e       0xc5 ./Sources/DRIVER/DRIVER_NVIC.o
 .debug_macro   0x0000e643      0x166 ./Sources/DRIVER/DRIVER_NVIC.o
 .debug_macro   0x0000e7a9       0x9b ./Sources/DRIVER/DRIVER_PIT.o
 .debug_macro   0x0000e844       0xbb ./Sources/DRIVER/DRIVER_PORT.o
 .debug_macro   0x0000e8ff       0x9b ./Sources/DRIVER/DRIVER_SIM.o
 .debug_macro   0x0000e99a       0xbc ./Sources/DRIVER/DRIVER_Systick.o
 .debug_macro   0x0000ea56       0xc5 ./Sources/DRIVER/DRIVER_UART.o
 .debug_macro   0x0000eb1b      0x23f ./Sources/App/APP.o
 .debug_macro   0x0000ed5a       0x58 ./Sources/App/APP.o
 .debug_macro   0x0000edb2       0x35 ./Sources/App/APP.o
 .debug_macro   0x0000ede7       0xa3 ./Sources/App/APP.o
 .debug_macro   0x0000ee8a       0x16 ./Sources/App/APP.o
 .debug_macro   0x0000eea0       0x35 ./Sources/App/APP.o
 .debug_macro   0x0000eed5       0x10 ./Sources/App/APP.o
 .debug_macro   0x0000eee5       0x52 ./Sources/App/APP.o
 .debug_macro   0x0000ef37       0x16 ./Sources/App/APP.o
 .debug_macro   0x0000ef4d       0x43 ./Sources/App/APP.o
 .debug_macro   0x0000ef90      0x180 ./Sources/App/APP.o
 .debug_macro   0x0000f110       0x10 ./Sources/App/APP.o
 .debug_macro   0x0000f120       0x22 ./Sources/App/APP.o
 .debug_macro   0x0000f142       0xbd ./Sources/App/APP.o
 .debug_macro   0x0000f1ff       0x16 ./Sources/App/APP.o
 .debug_macro   0x0000f215      0x14a ./Sources/App/APP.o
 .debug_macro   0x0000f35f       0x16 ./Sources/App/APP.o
 .debug_macro   0x0000f375      0x2e7 ./Sources/main.o
 .debug_macro   0x0000f65c      0x2a6 ./Sources/main.o
 .debug_macro   0x0000f902       0x10 ./Sources/main.o
 .debug_macro   0x0000f912       0x1c ./Sources/main.o
 .debug_macro   0x0000f92e       0x7e ./Project_Settings/Startup_Code/system_MKL46Z4.o

.debug_line     0x00000000     0x32b3
 .debug_line    0x00000000      0x243 ./Sources/HAL/HAL_UART/HAL_UART_BDH.o
 .debug_line    0x00000243      0x212 ./Sources/HAL/HAL_UART/HAL_UART_BDL.o
 .debug_line    0x00000455      0x285 ./Sources/HAL/HAL_UART/HAL_UART_C2.o
 .debug_line    0x000006da      0x23d ./Sources/HAL/HAL_ADC.o
 .debug_line    0x00000917      0x234 ./Sources/HAL/HAL_GPIO.o
 .debug_line    0x00000b4b      0x23b ./Sources/HAL/HAL_NVIC.o
 .debug_line    0x00000d86      0x262 ./Sources/HAL/HAL_PIT.o
 .debug_line    0x00000fe8      0x25a ./Sources/HAL/HAL_PORT.o
 .debug_line    0x00001242      0x22b ./Sources/HAL/HAL_SIM.o
 .debug_line    0x0000146d      0x25f ./Sources/DRIVER/DRIVER_GPIO.o
 .debug_line    0x000016cc      0x2b1 ./Sources/DRIVER/DRIVER_NVIC.o
 .debug_line    0x0000197d      0x28c ./Sources/DRIVER/DRIVER_PIT.o
 .debug_line    0x00001c09      0x2c0 ./Sources/DRIVER/DRIVER_PORT.o
 .debug_line    0x00001ec9      0x25f ./Sources/DRIVER/DRIVER_SIM.o
 .debug_line    0x00002128      0x2a3 ./Sources/DRIVER/DRIVER_Systick.o
 .debug_line    0x000023cb      0x28f ./Sources/DRIVER/DRIVER_UART.o
 .debug_line    0x0000265a      0x408 ./Sources/App/APP.o
 .debug_line    0x00002a62      0x596 ./Sources/main.o
 .debug_line    0x00002ff8       0x7b ./Project_Settings/Startup_Code/startup_MKL46Z4.o
 .debug_line    0x00003073      0x240 ./Project_Settings/Startup_Code/system_MKL46Z4.o

.debug_str      0x00000000    0x539d5
 .debug_str     0x00000000    0x4f131 ./Sources/HAL/HAL_UART/HAL_UART_BDH.o
                              0x4f546 (size before relaxing)
 .debug_str     0x0004f131       0x4a ./Sources/HAL/HAL_UART/HAL_UART_BDL.o
                              0x4f441 (size before relaxing)
 .debug_str     0x0004f17b      0x2ae ./Sources/HAL/HAL_UART/HAL_UART_C2.o
                              0x4f6b2 (size before relaxing)
 .debug_str     0x0004f429      0x2c3 ./Sources/HAL/HAL_ADC.o
                              0x4f6da (size before relaxing)
 .debug_str     0x0004f6ec      0x103 ./Sources/HAL/HAL_GPIO.o
                              0x4f4d2 (size before relaxing)
 .debug_str     0x0004f7ef      0x297 ./Sources/HAL/HAL_NVIC.o
                              0x4f6a7 (size before relaxing)
 .debug_str     0x0004fa86      0x1de ./Sources/HAL/HAL_PIT.o
                              0x4f66a (size before relaxing)
 .debug_str     0x0004fc64      0x1bb ./Sources/HAL/HAL_PORT.o
                              0x4f5cb (size before relaxing)
 .debug_str     0x0004fe1f      0x345 ./Sources/HAL/HAL_SIM.o
                              0x4f758 (size before relaxing)
 .debug_str     0x00050164       0x80 ./Sources/DRIVER/DRIVER_GPIO.o
                              0x4f4cd (size before relaxing)
 .debug_str     0x000501e4      0x36c ./Sources/DRIVER/DRIVER_NVIC.o
                              0x4f9fa (size before relaxing)
 .debug_str     0x00050550      0x120 ./Sources/DRIVER/DRIVER_PIT.o
                              0x4f694 (size before relaxing)
 .debug_str     0x00050670      0x158 ./Sources/DRIVER/DRIVER_PORT.o
                              0x4f9c8 (size before relaxing)
 .debug_str     0x000507c8      0x1a1 ./Sources/DRIVER/DRIVER_SIM.o
                              0x4f794 (size before relaxing)
 .debug_str     0x00050969      0x177 ./Sources/DRIVER/DRIVER_Systick.o
                              0x4f8a6 (size before relaxing)
 .debug_str     0x00050ae0       0x99 ./Sources/DRIVER/DRIVER_UART.o
                              0x4f55e (size before relaxing)
 .debug_str     0x00050b79     0x1d5c ./Sources/App/APP.o
                              0x51a4e (size before relaxing)
 .debug_str     0x000528d5     0x1074 ./Sources/main.o
                              0x52a73 (size before relaxing)
 .debug_str     0x00053949       0x8c ./Project_Settings/Startup_Code/system_MKL46Z4.o
                              0x4f557 (size before relaxing)

.comment        0x00000000       0x70
 .comment       0x00000000       0x70 ./Sources/HAL/HAL_UART/HAL_UART_BDH.o
                                 0x71 (size before relaxing)
 .comment       0x00000000       0x71 ./Sources/HAL/HAL_UART/HAL_UART_BDL.o
 .comment       0x00000000       0x71 ./Sources/HAL/HAL_UART/HAL_UART_C2.o
 .comment       0x00000000       0x71 ./Sources/HAL/HAL_ADC.o
 .comment       0x00000000       0x71 ./Sources/HAL/HAL_GPIO.o
 .comment       0x00000000       0x71 ./Sources/HAL/HAL_NVIC.o
 .comment       0x00000000       0x71 ./Sources/HAL/HAL_PIT.o
 .comment       0x00000000       0x71 ./Sources/HAL/HAL_PORT.o
 .comment       0x00000000       0x71 ./Sources/HAL/HAL_SIM.o
 .comment       0x00000000       0x71 ./Sources/DRIVER/DRIVER_GPIO.o
 .comment       0x00000000       0x71 ./Sources/DRIVER/DRIVER_NVIC.o
 .comment       0x00000000       0x71 ./Sources/DRIVER/DRIVER_PIT.o
 .comment       0x00000000       0x71 ./Sources/DRIVER/DRIVER_PORT.o
 .comment       0x00000000       0x71 ./Sources/DRIVER/DRIVER_SIM.o
 .comment       0x00000000       0x71 ./Sources/DRIVER/DRIVER_Systick.o
 .comment       0x00000000       0x71 ./Sources/DRIVER/DRIVER_UART.o
 .comment       0x00000000       0x71 ./Sources/App/APP.o
 .comment       0x00000000       0x71 ./Sources/main.o
 .comment       0x00000000       0x71 ./Project_Settings/Startup_Code/system_MKL46Z4.o

.debug_frame    0x00000000      0xc6c
 .debug_frame   0x00000000       0x90 ./Sources/HAL/HAL_UART/HAL_UART_BDH.o
 .debug_frame   0x00000090       0x30 ./Sources/HAL/HAL_UART/HAL_UART_BDL.o
 .debug_frame   0x000000c0      0x110 ./Sources/HAL/HAL_UART/HAL_UART_C2.o
 .debug_frame   0x000001d0       0x8c ./Sources/HAL/HAL_ADC.o
 .debug_frame   0x0000025c       0x70 ./Sources/HAL/HAL_GPIO.o
 .debug_frame   0x000002cc       0x94 ./Sources/HAL/HAL_NVIC.o
 .debug_frame   0x00000360       0xd0 ./Sources/HAL/HAL_PIT.o
 .debug_frame   0x00000430       0xd0 ./Sources/HAL/HAL_PORT.o
 .debug_frame   0x00000500       0x90 ./Sources/HAL/HAL_SIM.o
 .debug_frame   0x00000590       0x70 ./Sources/DRIVER/DRIVER_GPIO.o
 .debug_frame   0x00000600       0xac ./Sources/DRIVER/DRIVER_NVIC.o
 .debug_frame   0x000006ac       0xd0 ./Sources/DRIVER/DRIVER_PIT.o
 .debug_frame   0x0000077c       0xe8 ./Sources/DRIVER/DRIVER_PORT.o
 .debug_frame   0x00000864       0x90 ./Sources/DRIVER/DRIVER_SIM.o
 .debug_frame   0x000008f4       0x84 ./Sources/DRIVER/DRIVER_Systick.o
 .debug_frame   0x00000978       0x70 ./Sources/DRIVER/DRIVER_UART.o
 .debug_frame   0x000009e8       0x84 ./Sources/App/APP.o
 .debug_frame   0x00000a6c      0x120 ./Sources/main.o
 .debug_frame   0x00000b8c       0x4c ./Project_Settings/Startup_Code/system_MKL46Z4.o
 .debug_frame   0x00000bd8       0x28 c:/freescale/kds_v3/toolchain/bin/../lib/gcc/arm-none-eabi/4.8.4/../../../../arm-none-eabi/lib/armv6-m\libg_s.a(lib_a-exit.o)
 .debug_frame   0x00000c00       0x2c c:/freescale/kds_v3/toolchain/bin/../lib/gcc/arm-none-eabi/4.8.4/../../../../arm-none-eabi/lib/armv6-m\libg_s.a(lib_a-init.o)
 .debug_frame   0x00000c2c       0x20 c:/freescale/kds_v3/toolchain/bin/../lib/gcc/arm-none-eabi/4.8.4/../../../../arm-none-eabi/lib/armv6-m\libg_s.a(lib_a-memset.o)
 .debug_frame   0x00000c4c       0x20 c:/freescale/kds_v3/toolchain/bin/../lib/gcc/arm-none-eabi/4.8.4/../../../../arm-none-eabi/lib/armv6-m\libnosys.a(_exit.o)
